Archive member included to satisfy reference by file (symbol)

/opt/gcc-arm-none-eabi-10.3-2021.10/bin/../lib/gcc/arm-none-eabi/10.3.1/../../../../arm-none-eabi/lib/thumb/v7e-m+fp/hard/libc_nano.a(lib_a-exit.o)
                              /opt/gcc-arm-none-eabi-10.3-2021.10/bin/../lib/gcc/arm-none-eabi/10.3.1/../../../../arm-none-eabi/lib/thumb/v7e-m+fp/hard/crt0.o (exit)
/opt/gcc-arm-none-eabi-10.3-2021.10/bin/../lib/gcc/arm-none-eabi/10.3.1/../../../../arm-none-eabi/lib/thumb/v7e-m+fp/hard/libc_nano.a(lib_a-impure.o)
                              /opt/gcc-arm-none-eabi-10.3-2021.10/bin/../lib/gcc/arm-none-eabi/10.3.1/../../../../arm-none-eabi/lib/thumb/v7e-m+fp/hard/libc_nano.a(lib_a-exit.o) (_global_impure_ptr)
/opt/gcc-arm-none-eabi-10.3-2021.10/bin/../lib/gcc/arm-none-eabi/10.3.1/../../../../arm-none-eabi/lib/thumb/v7e-m+fp/hard/libc_nano.a(lib_a-init.o)
                              /opt/gcc-arm-none-eabi-10.3-2021.10/bin/../lib/gcc/arm-none-eabi/10.3.1/../../../../arm-none-eabi/lib/thumb/v7e-m+fp/hard/crt0.o (__libc_init_array)
/opt/gcc-arm-none-eabi-10.3-2021.10/bin/../lib/gcc/arm-none-eabi/10.3.1/../../../../arm-none-eabi/lib/thumb/v7e-m+fp/hard/libc_nano.a(lib_a-memset.o)
                              /opt/gcc-arm-none-eabi-10.3-2021.10/bin/../lib/gcc/arm-none-eabi/10.3.1/../../../../arm-none-eabi/lib/thumb/v7e-m+fp/hard/crt0.o (memset)
/opt/gcc-arm-none-eabi-10.3-2021.10/bin/../lib/gcc/arm-none-eabi/10.3.1/../../../../arm-none-eabi/lib/thumb/v7e-m+fp/hard/libc_nano.a(lib_a-snprintf.o)
                              build/da_main.o (snprintf)
/opt/gcc-arm-none-eabi-10.3-2021.10/bin/../lib/gcc/arm-none-eabi/10.3.1/../../../../arm-none-eabi/lib/thumb/v7e-m+fp/hard/libc_nano.a(lib_a-nano-svfprintf.o)
                              /opt/gcc-arm-none-eabi-10.3-2021.10/bin/../lib/gcc/arm-none-eabi/10.3.1/../../../../arm-none-eabi/lib/thumb/v7e-m+fp/hard/libc_nano.a(lib_a-snprintf.o) (_svfprintf_r)
/opt/gcc-arm-none-eabi-10.3-2021.10/bin/../lib/gcc/arm-none-eabi/10.3.1/../../../../arm-none-eabi/lib/thumb/v7e-m+fp/hard/libc_nano.a(lib_a-nano-vfprintf_i.o)
                              /opt/gcc-arm-none-eabi-10.3-2021.10/bin/../lib/gcc/arm-none-eabi/10.3.1/../../../../arm-none-eabi/lib/thumb/v7e-m+fp/hard/libc_nano.a(lib_a-nano-svfprintf.o) (_printf_i)
/opt/gcc-arm-none-eabi-10.3-2021.10/bin/../lib/gcc/arm-none-eabi/10.3.1/../../../../arm-none-eabi/lib/thumb/v7e-m+fp/hard/libc_nano.a(lib_a-memchr.o)
                              /opt/gcc-arm-none-eabi-10.3-2021.10/bin/../lib/gcc/arm-none-eabi/10.3.1/../../../../arm-none-eabi/lib/thumb/v7e-m+fp/hard/libc_nano.a(lib_a-nano-svfprintf.o) (memchr)
/opt/gcc-arm-none-eabi-10.3-2021.10/bin/../lib/gcc/arm-none-eabi/10.3.1/../../../../arm-none-eabi/lib/thumb/v7e-m+fp/hard/libc_nano.a(lib_a-memcpy-stub.o)
                              /opt/gcc-arm-none-eabi-10.3-2021.10/bin/../lib/gcc/arm-none-eabi/10.3.1/../../../../arm-none-eabi/lib/thumb/v7e-m+fp/hard/libc_nano.a(lib_a-nano-svfprintf.o) (memcpy)
/opt/gcc-arm-none-eabi-10.3-2021.10/bin/../lib/gcc/arm-none-eabi/10.3.1/../../../../arm-none-eabi/lib/thumb/v7e-m+fp/hard/libc_nano.a(lib_a-memmove.o)
                              /opt/gcc-arm-none-eabi-10.3-2021.10/bin/../lib/gcc/arm-none-eabi/10.3.1/../../../../arm-none-eabi/lib/thumb/v7e-m+fp/hard/libc_nano.a(lib_a-nano-svfprintf.o) (memmove)
/opt/gcc-arm-none-eabi-10.3-2021.10/bin/../lib/gcc/arm-none-eabi/10.3.1/../../../../arm-none-eabi/lib/thumb/v7e-m+fp/hard/libc_nano.a(lib_a-nano-freer.o)
                              /opt/gcc-arm-none-eabi-10.3-2021.10/bin/../lib/gcc/arm-none-eabi/10.3.1/../../../../arm-none-eabi/lib/thumb/v7e-m+fp/hard/libc_nano.a(lib_a-nano-svfprintf.o) (_free_r)
/opt/gcc-arm-none-eabi-10.3-2021.10/bin/../lib/gcc/arm-none-eabi/10.3.1/../../../../arm-none-eabi/lib/thumb/v7e-m+fp/hard/libc_nano.a(lib_a-nano-mallocr.o)
                              /opt/gcc-arm-none-eabi-10.3-2021.10/bin/../lib/gcc/arm-none-eabi/10.3.1/../../../../arm-none-eabi/lib/thumb/v7e-m+fp/hard/libc_nano.a(lib_a-nano-svfprintf.o) (_malloc_r)
/opt/gcc-arm-none-eabi-10.3-2021.10/bin/../lib/gcc/arm-none-eabi/10.3.1/../../../../arm-none-eabi/lib/thumb/v7e-m+fp/hard/libc_nano.a(lib_a-nano-reallocr.o)
                              /opt/gcc-arm-none-eabi-10.3-2021.10/bin/../lib/gcc/arm-none-eabi/10.3.1/../../../../arm-none-eabi/lib/thumb/v7e-m+fp/hard/libc_nano.a(lib_a-nano-svfprintf.o) (_realloc_r)
/opt/gcc-arm-none-eabi-10.3-2021.10/bin/../lib/gcc/arm-none-eabi/10.3.1/../../../../arm-none-eabi/lib/thumb/v7e-m+fp/hard/libc_nano.a(lib_a-sbrkr.o)
                              /opt/gcc-arm-none-eabi-10.3-2021.10/bin/../lib/gcc/arm-none-eabi/10.3.1/../../../../arm-none-eabi/lib/thumb/v7e-m+fp/hard/libc_nano.a(lib_a-nano-mallocr.o) (_sbrk_r)
/opt/gcc-arm-none-eabi-10.3-2021.10/bin/../lib/gcc/arm-none-eabi/10.3.1/../../../../arm-none-eabi/lib/thumb/v7e-m+fp/hard/libc_nano.a(lib_a-mlock.o)
[...]
Memory Configuration

Name             Origin             Length             Attributes
RAM              0x0000000020000000 0x000000000000a000 xrw
CCMRAM           0x0000000010000000 0x0000000000002000 xrw
FLASH            0x0000000008000000 0x0000000000040000 xr
*default*        0x0000000000000000 0xffffffffffffffff

Linker script and memory map

LOAD /opt/gcc-arm-none-eabi-10.3-2021.10/bin/../lib/gcc/arm-none-eabi/10.3.1/thumb/v7e-m+fp/hard/crti.o
LOAD /opt/gcc-arm-none-eabi-10.3-2021.10/bin/../lib/gcc/arm-none-eabi/10.3.1/thumb/v7e-m+fp/hard/crtbegin.o
LOAD /opt/gcc-arm-none-eabi-10.3-2021.10/bin/../lib/gcc/arm-none-eabi/10.3.1/../../../../arm-none-eabi/lib/thumb/v7e-m+fp/hard/crt0.o
LOAD build/main.o
LOAD build/gpio.o
LOAD build/stm32f3xx_it.o
LOAD build/stm32f3xx_hal_msp.o
LOAD build/stm32f3xx_hal_tim.o
LOAD build/stm32f3xx_hal_tim_ex.o
LOAD build/stm32f3xx_hal.o
LOAD build/stm32f3xx_hal_rcc.o
LOAD build/stm32f3xx_hal_rcc_ex.o
LOAD build/stm32f3xx_hal_gpio.o
LOAD build/stm32f3xx_hal_dma.o
LOAD build/stm32f3xx_hal_cortex.o
LOAD build/stm32f3xx_hal_pwr.o
LOAD build/stm32f3xx_hal_pwr_ex.o
LOAD build/stm32f3xx_hal_flash.o
LOAD build/stm32f3xx_hal_flash_ex.o
LOAD build/stm32f3xx_hal_i2c.o
LOAD build/stm32f3xx_hal_i2c_ex.o
LOAD build/stm32f3xx_hal_exti.o
LOAD build/system_stm32f3xx.o
LOAD build/da_main.o
LOAD build/dma.o
LOAD build/usart.o
LOAD build/stm32f3xx_hal_uart.o
LOAD build/stm32f3xx_hal_uart_ex.o
LOAD build/startup_stm32f303xc.o
LOAD /opt/gcc-arm-none-eabi-10.3-2021.10/bin/../lib/gcc/arm-none-eabi/10.3.1/../../../../arm-none-eabi/lib/thumb/v7e-m+fp/hard/libc_nano.a
LOAD /opt/gcc-arm-none-eabi-10.3-2021.10/bin/../lib/gcc/arm-none-eabi/10.3.1/../../../../arm-none-eabi/lib/thumb/v7e-m+fp/hard/libm.a
LOAD /opt/gcc-arm-none-eabi-10.3-2021.10/bin/../lib/gcc/arm-none-eabi/10.3.1/../../../../arm-none-eabi/lib/thumb/v7e-m+fp/hard/libnosys.a
START GROUP
LOAD /opt/gcc-arm-none-eabi-10.3-2021.10/bin/../lib/gcc/arm-none-eabi/10.3.1/thumb/v7e-m+fp/hard/libgcc.a
LOAD /opt/gcc-arm-none-eabi-10.3-2021.10/bin/../lib/gcc/arm-none-eabi/10.3.1/../../../../arm-none-eabi/lib/thumb/v7e-m+fp/hard/libc_nano.a
END GROUP
START GROUP
LOAD /opt/gcc-arm-none-eabi-10.3-2021.10/bin/../lib/gcc/arm-none-eabi/10.3.1/thumb/v7e-m+fp/hard/libgcc.a
LOAD /opt/gcc-arm-none-eabi-10.3-2021.10/bin/../lib/gcc/arm-none-eabi/10.3.1/../../../../arm-none-eabi/lib/thumb/v7e-m+fp/hard/libc_nano.a
END GROUP
LOAD /opt/gcc-arm-none-eabi-10.3-2021.10/bin/../lib/gcc/arm-none-eabi/10.3.1/thumb/v7e-m+fp/hard/crtend.o
LOAD /opt/gcc-arm-none-eabi-10.3-2021.10/bin/../lib/gcc/arm-none-eabi/10.3.1/thumb/v7e-m+fp/hard/crtn.o
                0x000000002000a000                _estack = (ORIGIN (RAM) + LENGTH (RAM))
                0x0000000000000200                _Min_Heap_Size = 0x200
                0x0000000000000400                _Min_Stack_Size = 0x400

.isr_vector     0x0000000008000000      0x188
                0x0000000008000000                . = ALIGN (0x4)
 *(.isr_vector)
 .isr_vector    0x0000000008000000      0x188 build/startup_stm32f303xc.o
                0x0000000008000000                g_pfnVectors
                0x0000000008000188                . = ALIGN (0x4)

.text           0x0000000008000190     0x2930
                0x0000000008000190                . = ALIGN (0x4)
 *(.text)
 .text          0x0000000008000190       0x40 /opt/gcc-arm-none-eabi-10.3-2021.10/bin/../lib/gcc/arm-none-eabi/10.3.1/thumb/v7e-m+fp/hard/crtbegin.o
 .text          0x00000000080001d0       0xa0 /opt/gcc-arm-none-eabi-10.3-2021.10/bin/../lib/gcc/arm-none-eabi/10.3.1/../../../../arm-none-eabi/lib/thumb/v7e-m+fp/hard/libc_nano.a(lib_a-memchr.o)
                0x00000000080001d0                memchr
 *(.text*)
 .text.Error_Handler
                0x0000000008000270        0x4 build/main.o
                0x0000000008000270                Error_Handler
 .text.SystemClock_Config
                0x0000000008000274       0x84 build/main.o
                0x0000000008000274                SystemClock_Config
 .text.MX_GPIO_Init
                0x00000000080002f8       0x8c build/gpio.o
                0x00000000080002f8                MX_GPIO_Init
 .text.NMI_Handler
                0x0000000008000384        0x2 build/stm32f3xx_it.o
                0x0000000008000384                NMI_Handler
 .text.HardFault_Handler
                0x0000000008000386        0x2 build/stm32f3xx_it.o
                0x0000000008000386                HardFault_Handler
 .text.MemManage_Handler
                0x0000000008000388        0x2 build/stm32f3xx_it.o
                0x0000000008000388                MemManage_Handler
 .text.BusFault_Handler
                0x000000000800038a        0x2 build/stm32f3xx_it.o
                0x000000000800038a                BusFault_Handler
 .text.UsageFault_Handler
                0x000000000800038c        0x2 build/stm32f3xx_it.o
                0x000000000800038c                UsageFault_Handler
 .text.SVC_Handler
                0x000000000800038e        0x2 build/stm32f3xx_it.o
                0x000000000800038e                SVC_Handler
 .text.DebugMon_Handler
                0x0000000008000390        0x2 build/stm32f3xx_it.o
                0x0000000008000390                DebugMon_Handler
 .text.PendSV_Handler
                0x0000000008000392        0x2 build/stm32f3xx_it.o
                0x0000000008000392                PendSV_Handler
 .text.SysTick_Handler
                0x0000000008000394        0x8 build/stm32f3xx_it.o
                0x0000000008000394                SysTick_Handler
 .text.DMA1_Channel4_IRQHandler
                0x000000000800039c       0x10 build/stm32f3xx_it.o
                0x000000000800039c                DMA1_Channel4_IRQHandler
 .text.DMA1_Channel5_IRQHandler
                0x00000000080003ac       0x10 build/stm32f3xx_it.o
                0x00000000080003ac                DMA1_Channel5_IRQHandler
 .text.USART1_IRQHandler
                0x00000000080003bc       0x10 build/stm32f3xx_it.o
                0x00000000080003bc                USART1_IRQHandler
 .text.HAL_MspInit
                0x00000000080003cc       0x30 build/stm32f3xx_hal_msp.o
                0x00000000080003cc                HAL_MspInit
 .text.HAL_InitTick
                0x00000000080003fc       0x4c build/stm32f3xx_hal.o
                0x00000000080003fc                HAL_InitTick
 .text.HAL_Init
                0x0000000008000448       0x24 build/stm32f3xx_hal.o
                0x0000000008000448                HAL_Init
 .text.HAL_IncTick
                0x000000000800046c       0x18 build/stm32f3xx_hal.o
                0x000000000800046c                HAL_IncTick
 .text.HAL_GetTick
                0x0000000008000484        0xc build/stm32f3xx_hal.o
                0x0000000008000484                HAL_GetTick
 .text.HAL_Delay
                0x0000000008000490       0x28 build/stm32f3xx_hal.o
                0x0000000008000490                HAL_Delay
 .text.HAL_RCC_OscConfig
                0x00000000080004b8      0x634 build/stm32f3xx_hal_rcc.o
                0x00000000080004b8                HAL_RCC_OscConfig
 .text.HAL_RCC_GetSysClockFreq
                0x0000000008000aec       0x70 build/stm32f3xx_hal_rcc.o
                0x0000000008000aec                HAL_RCC_GetSysClockFreq
 .text.HAL_RCC_ClockConfig
                0x0000000008000b5c      0x1a8 build/stm32f3xx_hal_rcc.o
                0x0000000008000b5c                HAL_RCC_ClockConfig
 .text.HAL_RCC_GetHCLKFreq
                0x0000000008000d04        0xc build/stm32f3xx_hal_rcc.o
                0x0000000008000d04                HAL_RCC_GetHCLKFreq
 .text.HAL_RCC_GetPCLK1Freq
                0x0000000008000d10       0x2c build/stm32f3xx_hal_rcc.o
                0x0000000008000d10                HAL_RCC_GetPCLK1Freq
 .text.HAL_RCC_GetPCLK2Freq
                0x0000000008000d3c       0x2c build/stm32f3xx_hal_rcc.o
                0x0000000008000d3c                HAL_RCC_GetPCLK2Freq
 .text.HAL_RCCEx_PeriphCLKConfig
                0x0000000008000d68      0x260 build/stm32f3xx_hal_rcc_ex.o
                0x0000000008000d68                HAL_RCCEx_PeriphCLKConfig
 .text.HAL_GPIO_Init
                0x0000000008000fc8      0x1c8 build/stm32f3xx_hal_gpio.o
                0x0000000008000fc8                HAL_GPIO_Init
 .text.HAL_GPIO_WritePin
                0x0000000008001190        0xa build/stm32f3xx_hal_gpio.o
                0x0000000008001190                HAL_GPIO_WritePin
 .text.HAL_GPIO_TogglePin
                0x000000000800119a       0x12 build/stm32f3xx_hal_gpio.o
                0x000000000800119a                HAL_GPIO_TogglePin
 .text.DMA_SetConfig
                0x00000000080011ac       0x2c build/stm32f3xx_hal_dma.o
 .text.DMA_CalcBaseAndBitshift
                0x00000000080011d8       0x4c build/stm32f3xx_hal_dma.o
 .text.HAL_DMA_Init
                0x0000000008001224       0x50 build/stm32f3xx_hal_dma.o
                0x0000000008001224                HAL_DMA_Init
 .text.HAL_DMA_Start_IT
                0x0000000008001274       0x74 build/stm32f3xx_hal_dma.o
                0x0000000008001274                HAL_DMA_Start_IT
 .text.HAL_DMA_Abort
                0x00000000080012e8       0x44 build/stm32f3xx_hal_dma.o
                0x00000000080012e8                HAL_DMA_Abort
 .text.HAL_DMA_Abort_IT
                0x000000000800132c       0x4a build/stm32f3xx_hal_dma.o
                0x000000000800132c                HAL_DMA_Abort_IT
 .text.HAL_DMA_IRQHandler
                0x0000000008001376       0xb4 build/stm32f3xx_hal_dma.o
                0x0000000008001376                HAL_DMA_IRQHandler
 *fill*         0x000000000800142a        0x2 
 .text.HAL_NVIC_SetPriorityGrouping
                0x000000000800142c       0x24 build/stm32f3xx_hal_cortex.o
                0x000000000800142c                HAL_NVIC_SetPriorityGrouping
 .text.HAL_NVIC_SetPriority
                0x0000000008001450       0x70 build/stm32f3xx_hal_cortex.o
                0x0000000008001450                HAL_NVIC_SetPriority
 .text.HAL_NVIC_EnableIRQ
                0x00000000080014c0       0x1c build/stm32f3xx_hal_cortex.o
                0x00000000080014c0                HAL_NVIC_EnableIRQ
 .text.HAL_SYSTICK_Config
                0x00000000080014dc       0x28 build/stm32f3xx_hal_cortex.o
                0x00000000080014dc                HAL_SYSTICK_Config
 .text.SystemInit
                0x0000000008001504       0x14 build/system_stm32f3xx.o
                0x0000000008001504                SystemInit
 .text.main     0x0000000008001518       0x60 build/da_main.o
                0x0000000008001518                main
 .text.HAL_UART_TxCpltCallback
                0x0000000008001578       0x28 build/da_main.o
                0x0000000008001578                HAL_UART_TxCpltCallback
 .text.MX_DMA_Init
                0x00000000080015a0       0x44 build/dma.o
                0x00000000080015a0                MX_DMA_Init
 .text.MX_USART1_UART_Init
                0x00000000080015e4       0x44 build/usart.o
                0x00000000080015e4                MX_USART1_UART_Init
 .text.HAL_UART_MspInit
                0x0000000008001628       0xe8 build/usart.o
                0x0000000008001628                HAL_UART_MspInit
 .text.UART_EndTxTransfer
                0x0000000008001710       0x18 build/stm32f3xx_hal_uart.o
 .text.UART_EndRxTransfer
                0x0000000008001728       0x50 build/stm32f3xx_hal_uart.o
 .text.HAL_UART_Transmit_DMA
                0x0000000008001778       0xb8 build/stm32f3xx_hal_uart.o
                0x0000000008001778                HAL_UART_Transmit_DMA
 .text.UART_DMATransmitCplt
                0x0000000008001830       0x44 build/stm32f3xx_hal_uart.o
 .text.UART_EndTransmit_IT
                0x0000000008001874       0x22 build/stm32f3xx_hal_uart.o
 .text.HAL_UART_TxHalfCpltCallback
                0x0000000008001896        0x2 build/stm32f3xx_hal_uart.o
                0x0000000008001896                HAL_UART_TxHalfCpltCallback
 .text.UART_DMATxHalfCplt
                0x0000000008001898        0xa build/stm32f3xx_hal_uart.o
 .text.HAL_UART_ErrorCallback
                0x00000000080018a2        0x2 build/stm32f3xx_hal_uart.o
                0x00000000080018a2                HAL_UART_ErrorCallback
 .text.UART_DMAError
                0x00000000080018a4       0x54 build/stm32f3xx_hal_uart.o
 .text.UART_DMAAbortOnError
                0x00000000080018f8       0x14 build/stm32f3xx_hal_uart.o
 .text.HAL_UARTEx_RxEventCallback
                0x000000000800190c        0x2 build/stm32f3xx_hal_uart.o
                0x000000000800190c                HAL_UARTEx_RxEventCallback
 *fill*         0x000000000800190e        0x2 
 .text.HAL_UART_IRQHandler
                0x0000000008001910      0x2e0 build/stm32f3xx_hal_uart.o
                0x0000000008001910                HAL_UART_IRQHandler
 .text.UART_SetConfig
                0x0000000008001bf0      0x250 build/stm32f3xx_hal_uart.o
                0x0000000008001bf0                UART_SetConfig
 .text.UART_AdvFeatureConfig
                0x0000000008001e40       0xca build/stm32f3xx_hal_uart.o
                0x0000000008001e40                UART_AdvFeatureConfig
 .text.UART_WaitOnFlagUntilTimeout
                0x0000000008001f0a       0xd4 build/stm32f3xx_hal_uart.o
                0x0000000008001f0a                UART_WaitOnFlagUntilTimeout
 .text.UART_CheckIdleState
                0x0000000008001fde       0x70 build/stm32f3xx_hal_uart.o
                0x0000000008001fde                UART_CheckIdleState
 .text.HAL_MultiProcessor_Init
                0x000000000800204e       0x8a build/stm32f3xx_hal_uart.o
                0x000000000800204e                HAL_MultiProcessor_Init
 .text.HAL_UARTEx_WakeupCallback
                0x00000000080020d8        0x2 build/stm32f3xx_hal_uart_ex.o
                0x00000000080020d8                HAL_UARTEx_WakeupCallback
 *fill*         0x00000000080020da        0x2 
 .text.Reset_Handler
                0x00000000080020dc       0x50 build/startup_stm32f303xc.o
                0x00000000080020dc                Reset_Handler
 .text.Default_Handler
                0x000000000800212c        0x2 build/startup_stm32f303xc.o
                0x000000000800212c                RTC_Alarm_IRQHandler
                0x000000000800212c                TIM8_TRG_COM_IRQHandler
                0x000000000800212c                TIM8_CC_IRQHandler
                0x000000000800212c                TIM1_CC_IRQHandler
                0x000000000800212c                USB_HP_IRQHandler
                0x000000000800212c                PVD_IRQHandler
                0x000000000800212c                TAMP_STAMP_IRQHandler
                0x000000000800212c                EXTI3_IRQHandler
                0x000000000800212c                USB_HP_CAN_TX_IRQHandler
                0x000000000800212c                EXTI0_IRQHandler
                0x000000000800212c                I2C2_EV_IRQHandler
                0x000000000800212c                FPU_IRQHandler
                0x000000000800212c                TIM1_UP_TIM16_IRQHandler
                0x000000000800212c                ADC1_2_IRQHandler
                0x000000000800212c                SPI1_IRQHandler
                0x000000000800212c                CAN_SCE_IRQHandler
                0x000000000800212c                TIM6_DAC_IRQHandler
                0x000000000800212c                TIM8_UP_IRQHandler
                0x000000000800212c                DMA2_Channel2_IRQHandler
                0x000000000800212c                USART3_IRQHandler
                0x000000000800212c                DMA1_Channel7_IRQHandler
                0x000000000800212c                UART5_IRQHandler
                0x000000000800212c                ADC3_IRQHandler
                0x000000000800212c                TIM4_IRQHandler
                0x000000000800212c                CAN_RX1_IRQHandler
                0x000000000800212c                DMA2_Channel1_IRQHandler
                0x000000000800212c                I2C1_EV_IRQHandler
                0x000000000800212c                DMA1_Channel6_IRQHandler
                0x000000000800212c                UART4_IRQHandler
                0x000000000800212c                DMA2_Channel4_IRQHandler
                0x000000000800212c                TIM3_IRQHandler
                0x000000000800212c                RCC_IRQHandler
                0x000000000800212c                DMA1_Channel1_IRQHandler
                0x000000000800212c                Default_Handler
                0x000000000800212c                USBWakeUp_RMP_IRQHandler
                0x000000000800212c                EXTI15_10_IRQHandler
                0x000000000800212c                TIM7_IRQHandler
                0x000000000800212c                EXTI9_5_IRQHandler
                0x000000000800212c                RTC_WKUP_IRQHandler
                0x000000000800212c                SPI2_IRQHandler
                0x000000000800212c                USB_LP_CAN_RX0_IRQHandler
                0x000000000800212c                DMA2_Channel5_IRQHandler
                0x000000000800212c                USB_LP_IRQHandler
                0x000000000800212c                EXTI4_IRQHandler
                0x000000000800212c                TIM1_TRG_COM_TIM17_IRQHandler
                0x000000000800212c                DMA1_Channel3_IRQHandler
                0x000000000800212c                ADC4_IRQHandler
                0x000000000800212c                WWDG_IRQHandler
                0x000000000800212c                TIM2_IRQHandler
                0x000000000800212c                COMP7_IRQHandler
                0x000000000800212c                COMP1_2_3_IRQHandler
                0x000000000800212c                EXTI1_IRQHandler
                0x000000000800212c                USART2_IRQHandler
                0x000000000800212c                COMP4_5_6_IRQHandler
                0x000000000800212c                I2C2_ER_IRQHandler
                0x000000000800212c                DMA1_Channel2_IRQHandler
                0x000000000800212c                TIM8_BRK_IRQHandler
                0x000000000800212c                FLASH_IRQHandler
                0x000000000800212c                SPI3_IRQHandler
                0x000000000800212c                I2C1_ER_IRQHandler
                0x000000000800212c                USBWakeUp_IRQHandler
                0x000000000800212c                DMA2_Channel3_IRQHandler
                0x000000000800212c                EXTI2_TSC_IRQHandler
                0x000000000800212c                TIM1_BRK_TIM15_IRQHandler
 *fill*         0x000000000800212e        0x2 
 .text.__libc_init_array
                0x0000000008002130       0x48 /opt/gcc-arm-none-eabi-10.3-2021.10/bin/../lib/gcc/arm-none-eabi/10.3.1/../../../../arm-none-eabi/lib/thumb/v7e-m+fp/hard/libc_nano.a(lib_a-init.o)
                0x0000000008002130                __libc_init_array
 .text.memset   0x0000000008002178       0x10 /opt/gcc-arm-none-eabi-10.3-2021.10/bin/../lib/gcc/arm-none-eabi/10.3.1/../../../../arm-none-eabi/lib/thumb/v7e-m+fp/hard/libc_nano.a(lib_a-memset.o)
                0x0000000008002178                memset
 .text.snprintf
                0x0000000008002188       0x68 /opt/gcc-arm-none-eabi-10.3-2021.10/bin/../lib/gcc/arm-none-eabi/10.3.1/../../../../arm-none-eabi/lib/thumb/v7e-m+fp/hard/libc_nano.a(lib_a-snprintf.o)
                0x0000000008002188                snprintf
                0x0000000008002188                sniprintf
 .text.__ssputs_r
                0x00000000080021f0       0xb6 /opt/gcc-arm-none-eabi-10.3-2021.10/bin/../lib/gcc/arm-none-eabi/10.3.1/../../../../arm-none-eabi/lib/thumb/v7e-m+fp/hard/libc_nano.a(lib_a-nano-svfprintf.o)
                0x00000000080021f0                __ssputs_r
 *fill*         0x00000000080022a6        0x2 
 .text._svfprintf_r
                0x00000000080022a8      0x200 /opt/gcc-arm-none-eabi-10.3-2021.10/bin/../lib/gcc/arm-none-eabi/10.3.1/../../../../arm-none-eabi/lib/thumb/v7e-m+fp/hard/libc_nano.a(lib_a-nano-svfprintf.o)
                0x00000000080022a8                _svfprintf_r
                0x00000000080022a8                _svfiprintf_r
 .text._printf_common
                0x00000000080024a8       0xda /opt/gcc-arm-none-eabi-10.3-2021.10/bin/../lib/gcc/arm-none-eabi/10.3.1/../../../../arm-none-eabi/lib/thumb/v7e-m+fp/hard/libc_nano.a(lib_a-nano-vfprintf_i.o)
                0x00000000080024a8                _printf_common
 *fill*         0x0000000008002582        0x2 
 .text._printf_i
                0x0000000008002584      0x24c /opt/gcc-arm-none-eabi-10.3-2021.10/bin/../lib/gcc/arm-none-eabi/10.3.1/../../../../arm-none-eabi/lib/thumb/v7e-m+fp/hard/libc_nano.a(lib_a-nano-vfprintf_i.o)
                0x0000000008002584                _printf_i
 .text.memcpy   0x00000000080027d0       0x1c /opt/gcc-arm-none-eabi-10.3-2021.10/bin/../lib/gcc/arm-none-eabi/10.3.1/../../../../arm-none-eabi/lib/thumb/v7e-m+fp/hard/libc_nano.a(lib_a-memcpy-stub.o)
                0x00000000080027d0                memcpy
 .text.memmove  0x00000000080027ec       0x34 /opt/gcc-arm-none-eabi-10.3-2021.10/bin/../lib/gcc/arm-none-eabi/10.3.1/../../../../arm-none-eabi/lib/thumb/v7e-m+fp/hard/libc_nano.a(lib_a-memmove.o)
                0x00000000080027ec                memmove
 .text._free_r  0x0000000008002820       0x98 /opt/gcc-arm-none-eabi-10.3-2021.10/bin/../lib/gcc/arm-none-eabi/10.3.1/../../../../arm-none-eabi/lib/thumb/v7e-m+fp/hard/libc_nano.a(lib_a-nano-freer.o)
                0x0000000008002820                _free_r
 .text.sbrk_aligned
                0x00000000080028b8       0x40 /opt/gcc-arm-none-eabi-10.3-2021.10/bin/../lib/gcc/arm-none-eabi/10.3.1/../../../../arm-none-eabi/lib/thumb/v7e-m+fp/hard/libc_nano.a(lib_a-nano-mallocr.o)
 .text._malloc_r
                0x00000000080028f8       0xe8 /opt/gcc-arm-none-eabi-10.3-2021.10/bin/../lib/gcc/arm-none-eabi/10.3.1/../../../../arm-none-eabi/lib/thumb/v7e-m+fp/hard/libc_nano.a(lib_a-nano-mallocr.o)
                0x00000000080028f8                _malloc_r
 .text._realloc_r
                0x00000000080029e0       0x5e /opt/gcc-arm-none-eabi-10.3-2021.10/bin/../lib/gcc/arm-none-eabi/10.3.1/../../../../arm-none-eabi/lib/thumb/v7e-m+fp/hard/libc_nano.a(lib_a-nano-reallocr.o)
                0x00000000080029e0                _realloc_r
 *fill*         0x0000000008002a3e        0x2 
 .text._sbrk_r  0x0000000008002a40       0x20 /opt/gcc-arm-none-eabi-10.3-2021.10/bin/../lib/gcc/arm-none-eabi/10.3.1/../../../../arm-none-eabi/lib/thumb/v7e-m+fp/hard/libc_nano.a(lib_a-sbrkr.o)
                0x0000000008002a40                _sbrk_r
 .text.__malloc_lock
                0x0000000008002a60        0xc /opt/gcc-arm-none-eabi-10.3-2021.10/bin/../lib/gcc/arm-none-eabi/10.3.1/../../../../arm-none-eabi/lib/thumb/v7e-m+fp/hard/libc_nano.a(lib_a-mlock.o)
                0x0000000008002a60                __malloc_lock
 .text.__malloc_unlock
                0x0000000008002a6c        0xc /opt/gcc-arm-none-eabi-10.3-2021.10/bin/../lib/gcc/arm-none-eabi/10.3.1/../../../../arm-none-eabi/lib/thumb/v7e-m+fp/hard/libc_nano.a(lib_a-mlock.o)
                0x0000000008002a6c                __malloc_unlock
 .text._malloc_usable_size_r
                0x0000000008002a78       0x10 /opt/gcc-arm-none-eabi-10.3-2021.10/bin/../lib/gcc/arm-none-eabi/10.3.1/../../../../arm-none-eabi/lib/thumb/v7e-m+fp/hard/libc_nano.a(lib_a-nano-msizer.o)
                0x0000000008002a78                _malloc_usable_size_r
 .text.__retarget_lock_acquire_recursive
                0x0000000008002a88        0x2 /opt/gcc-arm-none-eabi-10.3-2021.10/bin/../lib/gcc/arm-none-eabi/10.3.1/../../../../arm-none-eabi/lib/thumb/v7e-m+fp/hard/libc_nano.a(lib_a-lock.o)
                0x0000000008002a88                __retarget_lock_acquire_recursive
 .text.__retarget_lock_release_recursive
                0x0000000008002a8a        0x2 /opt/gcc-arm-none-eabi-10.3-2021.10/bin/../lib/gcc/arm-none-eabi/10.3.1/../../../../arm-none-eabi/lib/thumb/v7e-m+fp/hard/libc_nano.a(lib_a-lock.o)
                0x0000000008002a8a                __retarget_lock_release_recursive
 .text._sbrk    0x0000000008002a8c       0x1c /opt/gcc-arm-none-eabi-10.3-2021.10/bin/../lib/gcc/arm-none-eabi/10.3.1/../../../../arm-none-eabi/lib/thumb/v7e-m+fp/hard/libnosys.a(sbrk.o)
                0x0000000008002a8c                _sbrk
 *(.glue_7)
 .glue_7        0x0000000008002aa8        0x0 linker stubs
 *(.glue_7t)
 .glue_7t       0x0000000008002aa8        0x0 linker stubs
 *(.eh_frame)
 .eh_frame      0x0000000008002aa8        0x0 /opt/gcc-arm-none-eabi-10.3-2021.10/bin/../lib/gcc/arm-none-eabi/10.3.1/thumb/v7e-m+fp/hard/crtbegin.o
 *(.init)
 .init          0x0000000008002aa8        0x4 /opt/gcc-arm-none-eabi-10.3-2021.10/bin/../lib/gcc/arm-none-eabi/10.3.1/thumb/v7e-m+fp/hard/crti.o
                0x0000000008002aa8                _init
 .init          0x0000000008002aac        0x8 /opt/gcc-arm-none-eabi-10.3-2021.10/bin/../lib/gcc/arm-none-eabi/10.3.1/thumb/v7e-m+fp/hard/crtn.o
 *(.fini)
 .fini          0x0000000008002ab4        0x4 /opt/gcc-arm-none-eabi-10.3-2021.10/bin/../lib/gcc/arm-none-eabi/10.3.1/thumb/v7e-m+fp/hard/crti.o
                0x0000000008002ab4                _fini
 .fini          0x0000000008002ab8        0x8 /opt/gcc-arm-none-eabi-10.3-2021.10/bin/../lib/gcc/arm-none-eabi/10.3.1/thumb/v7e-m+fp/hard/crtn.o
                0x0000000008002ac0                . = ALIGN (0x4)
                0x0000000008002ac0                _etext = .

.vfp11_veneer   0x0000000008002ac0        0x0
 .vfp11_veneer  0x0000000008002ac0        0x0 linker stubs

.v4_bx          0x0000000008002ac0        0x0
 .v4_bx         0x0000000008002ac0        0x0 linker stubs

.iplt           0x0000000008002ac0        0x0
 .iplt          0x0000000008002ac0        0x0 /opt/gcc-arm-none-eabi-10.3-2021.10/bin/../lib/gcc/arm-none-eabi/10.3.1/thumb/v7e-m+fp/hard/crtbegin.o

.rodata         0x0000000008002ac0       0x84
                0x0000000008002ac0                . = ALIGN (0x4)
 *(.rodata)
 *(.rodata*)
 .rodata.aPLLMULFactorTable
                0x0000000008002ac0       0x10 build/stm32f3xx_hal_rcc.o
                0x0000000008002ac0                aPLLMULFactorTable
 .rodata.aPredivFactorTable
                0x0000000008002ad0       0x10 build/stm32f3xx_hal_rcc.o
                0x0000000008002ad0                aPredivFactorTable
 .rodata.AHBPrescTable
                0x0000000008002ae0       0x10 build/system_stm32f3xx.o
                0x0000000008002ae0                AHBPrescTable
 .rodata.APBPrescTable
                0x0000000008002af0        0x8 build/system_stm32f3xx.o
                0x0000000008002af0                APBPrescTable
 .rodata.main.str1.4
                0x0000000008002af8       0x18 build/da_main.o
 .rodata._svfprintf_r.str1.1
                0x0000000008002b10       0x11 /opt/gcc-arm-none-eabi-10.3-2021.10/bin/../lib/gcc/arm-none-eabi/10.3.1/../../../../arm-none-eabi/lib/thumb/v7e-m+fp/hard/libc_nano.a(lib_a-nano-svfprintf.o)
 .rodata._printf_i.str1.1
                0x0000000008002b21       0x22 /opt/gcc-arm-none-eabi-10.3-2021.10/bin/../lib/gcc/arm-none-eabi/10.3.1/../../../../arm-none-eabi/lib/thumb/v7e-m+fp/hard/libc_nano.a(lib_a-nano-vfprintf_i.o)
                0x0000000008002b44                . = ALIGN (0x4)
 *fill*         0x0000000008002b43        0x1 

.rel.dyn        0x0000000008002b44        0x0
 .rel.iplt      0x0000000008002b44        0x0 /opt/gcc-arm-none-eabi-10.3-2021.10/bin/../lib/gcc/arm-none-eabi/10.3.1/thumb/v7e-m+fp/hard/crtbegin.o

.ARM.extab
 *(.ARM.extab* .gnu.linkonce.armextab.*)

.ARM            0x0000000008002b44        0x0
                0x0000000008002b44                __exidx_start = .
 *(.ARM.exidx*)
                0x0000000008002b44                __exidx_end = .

.preinit_array  0x0000000008002b44        0x0
                0x0000000008002b44                PROVIDE (__preinit_array_start = .)
 *(.preinit_array*)
                0x0000000008002b44                PROVIDE (__preinit_array_end = .)

.init_array     0x0000000008002b44        0x4
                0x0000000008002b44                PROVIDE (__init_array_start = .)
 *(SORT_BY_NAME(.init_array.*))
 *(.init_array*)
 .init_array    0x0000000008002b44        0x4 /opt/gcc-arm-none-eabi-10.3-2021.10/bin/../lib/gcc/arm-none-eabi/10.3.1/thumb/v7e-m+fp/hard/crtbegin.o
                0x0000000008002b48                PROVIDE (__init_array_end = .)

.fini_array     0x0000000008002b48        0x4
                [!provide]                        PROVIDE (__fini_array_start = .)
 *(SORT_BY_NAME(.fini_array.*))
 *(.fini_array*)
 .fini_array    0x0000000008002b48        0x4 /opt/gcc-arm-none-eabi-10.3-2021.10/bin/../lib/gcc/arm-none-eabi/10.3.1/thumb/v7e-m+fp/hard/crtbegin.o
                [!provide]                        PROVIDE (__fini_array_end = .)
                0x0000000008002b4c                _sidata = LOADADDR (.data)

.data           0x0000000020000000       0x70 load address 0x0000000008002b4c
                0x0000000020000000                . = ALIGN (0x4)
                0x0000000020000000                _sdata = .
 *(.data)
 *(.data*)
 .data.uwTickFreq
                0x0000000020000000        0x1 build/stm32f3xx_hal.o
                0x0000000020000000                uwTickFreq
 *fill*         0x0000000020000001        0x3 
 .data.uwTickPrio
                0x0000000020000004        0x4 build/stm32f3xx_hal.o
                0x0000000020000004                uwTickPrio
 .data.SystemCoreClock
                0x0000000020000008        0x4 build/system_stm32f3xx.o
                0x0000000020000008                SystemCoreClock
 .data._impure_ptr
                0x000000002000000c        0x4 /opt/gcc-arm-none-eabi-10.3-2021.10/bin/../lib/gcc/arm-none-eabi/10.3.1/../../../../arm-none-eabi/lib/thumb/v7e-m+fp/hard/libc_nano.a(lib_a-impure.o)
                0x000000002000000c                _impure_ptr
 .data.impure_data
                0x0000000020000010       0x60 /opt/gcc-arm-none-eabi-10.3-2021.10/bin/../lib/gcc/arm-none-eabi/10.3.1/../../../../arm-none-eabi/lib/thumb/v7e-m+fp/hard/libc_nano.a(lib_a-impure.o)
                0x0000000020000070                . = ALIGN (0x4)
                0x0000000020000070                _edata = .
                0x0000000008002bbc                _siccmram = LOADADDR (.ccmram)

.igot.plt       0x0000000020000070        0x0 load address 0x0000000008002bbc
 .igot.plt      0x0000000020000070        0x0 /opt/gcc-arm-none-eabi-10.3-2021.10/bin/../lib/gcc/arm-none-eabi/10.3.1/thumb/v7e-m+fp/hard/crtbegin.o

.ccmram         0x0000000010000000        0x0 load address 0x0000000008002bbc
                0x0000000010000000                . = ALIGN (0x4)
                0x0000000010000000                _sccmram = .
 *(.ccmram)
 *(.ccmram*)
                0x0000000010000000                . = ALIGN (0x4)
                0x0000000010000000                _eccmram = .
                0x0000000010000000                . = ALIGN (0x4)

.bss            0x0000000020000070      0x184
                0x0000000020000070                _sbss = .
                0x0000000020000070                __bss_start__ = _sbss
 *(.bss)
 .bss           0x0000000020000070       0x1c /opt/gcc-arm-none-eabi-10.3-2021.10/bin/../lib/gcc/arm-none-eabi/10.3.1/thumb/v7e-m+fp/hard/crtbegin.o
 *(.bss*)
 .bss.uwTick    0x000000002000008c        0x4 build/stm32f3xx_hal.o
                0x000000002000008c                uwTick
 .bss.txbuff    0x0000000020000090       0x40 build/da_main.o
                0x0000000020000090                txbuff
 .bss.txempty   0x00000000200000d0        0x1 build/da_main.o
                0x00000000200000d0                txempty
 *fill*         0x00000000200000d1        0x3 
 .bss.hdma_usart1_rx
                0x00000000200000d4       0x44 build/usart.o
                0x00000000200000d4                hdma_usart1_rx
 .bss.hdma_usart1_tx
                0x0000000020000118       0x44 build/usart.o
                0x0000000020000118                hdma_usart1_tx
 .bss.huart1    0x000000002000015c       0x84 build/usart.o
                0x000000002000015c                huart1
 .bss.__malloc_free_list
                0x00000000200001e0        0x4 /opt/gcc-arm-none-eabi-10.3-2021.10/bin/../lib/gcc/arm-none-eabi/10.3.1/../../../../arm-none-eabi/lib/thumb/v7e-m+fp/hard/libc_nano.a(lib_a-nano-mallocr.o)
                0x00000000200001e0                __malloc_free_list
 .bss.__malloc_sbrk_start
                0x00000000200001e4        0x4 /opt/gcc-arm-none-eabi-10.3-2021.10/bin/../lib/gcc/arm-none-eabi/10.3.1/../../../../arm-none-eabi/lib/thumb/v7e-m+fp/hard/libc_nano.a(lib_a-nano-mallocr.o)
                0x00000000200001e4                __malloc_sbrk_start
 .bss.errno     0x00000000200001e8        0x4 /opt/gcc-arm-none-eabi-10.3-2021.10/bin/../lib/gcc/arm-none-eabi/10.3.1/../../../../arm-none-eabi/lib/thumb/v7e-m+fp/hard/libc_nano.a(lib_a-reent.o)
                0x00000000200001e8                errno
 .bss.__lock___malloc_recursive_mutex
                0x00000000200001ec        0x1 /opt/gcc-arm-none-eabi-10.3-2021.10/bin/../lib/gcc/arm-none-eabi/10.3.1/../../../../arm-none-eabi/lib/thumb/v7e-m+fp/hard/libc_nano.a(lib_a-lock.o)
                0x00000000200001ec                __lock___malloc_recursive_mutex
 *fill*         0x00000000200001ed        0x3 
 .bss.heap_end.0
                0x00000000200001f0        0x4 /opt/gcc-arm-none-eabi-10.3-2021.10/bin/../lib/gcc/arm-none-eabi/10.3.1/../../../../arm-none-eabi/lib/thumb/v7e-m+fp/hard/libnosys.a(sbrk.o)
 *(COMMON)
                0x00000000200001f4                . = ALIGN (0x4)
                0x00000000200001f4                _ebss = .
                0x00000000200001f4                __bss_end__ = _ebss

._user_heap_stack
                0x00000000200001f4      0x604
                0x00000000200001f8                . = ALIGN (0x8)
 *fill*         0x00000000200001f4        0x4 
                0x00000000200001f8                PROVIDE (end = .)
                [!provide]                        PROVIDE (_end = .)
                0x00000000200003f8                . = (. + _Min_Heap_Size)
 *fill*         0x00000000200001f8      0x200 
                0x00000000200007f8                . = (. + _Min_Stack_Size)
 *fill*         0x00000000200003f8      0x400 
                0x00000000200007f8                . = ALIGN (0x8)

/DISCARD/
 libc.a(*)
 libm.a(*)
 libgcc.a(*)

.ARM.attributes
                0x0000000000000000       0x30
 *(.ARM.attributes)
 .ARM.attributes
                0x0000000000000000       0x1e /opt/gcc-arm-none-eabi-10.3-2021.10/bin/../lib/gcc/arm-none-eabi/10.3.1/thumb/v7e-m+fp/hard/crti.o
 .ARM.attributes
                0x000000000000001e       0x34 /opt/gcc-arm-none-eabi-10.3-2021.10/bin/../lib/gcc/arm-none-eabi/10.3.1/thumb/v7e-m+fp/hard/crtbegin.o
 .ARM.attributes
                0x0000000000000052       0x34 build/main.o
 .ARM.attributes
                0x0000000000000086       0x34 build/gpio.o
 .ARM.attributes
                0x00000000000000ba       0x34 build/stm32f3xx_it.o
 .ARM.attributes
                0x00000000000000ee       0x34 build/stm32f3xx_hal_msp.o
 .ARM.attributes
                0x0000000000000122       0x34 build/stm32f3xx_hal.o
 .ARM.attributes
                0x0000000000000156       0x34 build/stm32f3xx_hal_rcc.o
 .ARM.attributes
                0x000000000000018a       0x34 build/stm32f3xx_hal_rcc_ex.o
 .ARM.attributes
                0x00000000000001be       0x34 build/stm32f3xx_hal_gpio.o
 .ARM.attributes
                0x00000000000001f2       0x34 build/stm32f3xx_hal_dma.o
 .ARM.attributes
                0x0000000000000226       0x34 build/stm32f3xx_hal_cortex.o
 .ARM.attributes
                0x000000000000025a       0x34 build/system_stm32f3xx.o
 .ARM.attributes
                0x000000000000028e       0x34 build/da_main.o
 .ARM.attributes
                0x00000000000002c2       0x34 build/dma.o
 .ARM.attributes
                0x00000000000002f6       0x34 build/usart.o
 .ARM.attributes
                0x000000000000032a       0x34 build/stm32f3xx_hal_uart.o
 .ARM.attributes
                0x000000000000035e       0x34 build/stm32f3xx_hal_uart_ex.o
 .ARM.attributes
                0x0000000000000392       0x21 build/startup_stm32f303xc.o
 .ARM.attributes
                0x00000000000003b3       0x34 /opt/gcc-arm-none-eabi-10.3-2021.10/bin/../lib/gcc/arm-none-eabi/10.3.1/../../../../arm-none-eabi/lib/thumb/v7e-m+fp/hard/libc_nano.a(lib_a-impure.o)
 .ARM.attributes
                0x00000000000003e7       0x34 /opt/gcc-arm-none-eabi-10.3-2021.10/bin/../lib/gcc/arm-none-eabi/10.3.1/../../../../arm-none-eabi/lib/thumb/v7e-m+fp/hard/libc_nano.a(lib_a-init.o)
 .ARM.attributes
                0x000000000000041b       0x34 /opt/gcc-arm-none-eabi-10.3-2021.10/bin/../lib/gcc/arm-none-eabi/10.3.1/../../../../arm-none-eabi/lib/thumb/v7e-m+fp/hard/libc_nano.a(lib_a-memset.o)
 .ARM.attributes
                0x000000000000044f       0x34 /opt/gcc-arm-none-eabi-10.3-2021.10/bin/../lib/gcc/arm-none-eabi/10.3.1/../../../../arm-none-eabi/lib/thumb/v7e-m+fp/hard/libc_nano.a(lib_a-snprintf.o)
 .ARM.attributes
                0x0000000000000483       0x34 /opt/gcc-arm-none-eabi-10.3-2021.10/bin/../lib/gcc/arm-none-eabi/10.3.1/../../../../arm-none-eabi/lib/thumb/v7e-m+fp/hard/libc_nano.a(lib_a-nano-svfprintf.o)
 .ARM.attributes
                0x00000000000004b7       0x34 /opt/gcc-arm-none-eabi-10.3-2021.10/bin/../lib/gcc/arm-none-eabi/10.3.1/../../../../arm-none-eabi/lib/thumb/v7e-m+fp/hard/libc_nano.a(lib_a-nano-vfprintf_i.o)
 .ARM.attributes
                0x00000000000004eb       0x1c /opt/gcc-arm-none-eabi-10.3-2021.10/bin/../lib/gcc/arm-none-eabi/10.3.1/../../../../arm-none-eabi/lib/thumb/v7e-m+fp/hard/libc_nano.a(lib_a-memchr.o)
 .ARM.attributes
                0x0000000000000507       0x34 /opt/gcc-arm-none-eabi-10.3-2021.10/bin/../lib/gcc/arm-none-eabi/10.3.1/../../../../arm-none-eabi/lib/thumb/v7e-m+fp/hard/libc_nano.a(lib_a-memcpy-stub.o)
 .ARM.attributes
                0x000000000000053b       0x34 /opt/gcc-arm-none-eabi-10.3-2021.10/bin/../lib/gcc/arm-none-eabi/10.3.1/../../../../arm-none-eabi/lib/thumb/v7e-m+fp/hard/libc_nano.a(lib_a-memmove.o)
 .ARM.attributes
                0x000000000000056f       0x34 /opt/gcc-arm-none-eabi-10.3-2021.10/bin/../lib/gcc/arm-none-eabi/10.3.1/../../../../arm-none-eabi/lib/thumb/v7e-m+fp/hard/libc_nano.a(lib_a-nano-freer.o)
 .ARM.attributes
                0x00000000000005a3       0x34 /opt/gcc-arm-none-eabi-10.3-2021.10/bin/../lib/gcc/arm-none-eabi/10.3.1/../../../../arm-none-eabi/lib/thumb/v7e-m+fp/hard/libc_nano.a(lib_a-nano-mallocr.o)
 .ARM.attributes
                0x00000000000005d7       0x34 /opt/gcc-arm-none-eabi-10.3-2021.10/bin/../lib/gcc/arm-none-eabi/10.3.1/../../../../arm-none-eabi/lib/thumb/v7e-m+fp/hard/libc_nano.a(lib_a-nano-reallocr.o)
 .ARM.attributes
                0x000000000000060b       0x34 /opt/gcc-arm-none-eabi-10.3-2021.10/bin/../lib/gcc/arm-none-eabi/10.3.1/../../../../arm-none-eabi/lib/thumb/v7e-m+fp/hard/libc_nano.a(lib_a-sbrkr.o)
 .ARM.attributes
                0x000000000000063f       0x34 /opt/gcc-arm-none-eabi-10.3-2021.10/bin/../lib/gcc/arm-none-eabi/10.3.1/../../../../arm-none-eabi/lib/thumb/v7e-m+fp/hard/libc_nano.a(lib_a-mlock.o)
 .ARM.attributes
                0x0000000000000673       0x34 /opt/gcc-arm-none-eabi-10.3-2021.10/bin/../lib/gcc/arm-none-eabi/10.3.1/../../../../arm-none-eabi/lib/thumb/v7e-m+fp/hard/libc_nano.a(lib_a-nano-msizer.o)
 .ARM.attributes
                0x00000000000006a7       0x34 /opt/gcc-arm-none-eabi-10.3-2021.10/bin/../lib/gcc/arm-none-eabi/10.3.1/../../../../arm-none-eabi/lib/thumb/v7e-m+fp/hard/libc_nano.a(lib_a-reent.o)
 .ARM.attributes
                0x00000000000006db       0x34 /opt/gcc-arm-none-eabi-10.3-2021.10/bin/../lib/gcc/arm-none-eabi/10.3.1/../../../../arm-none-eabi/lib/thumb/v7e-m+fp/hard/libc_nano.a(lib_a-lock.o)
 .ARM.attributes
                0x000000000000070f       0x34 /opt/gcc-arm-none-eabi-10.3-2021.10/bin/../lib/gcc/arm-none-eabi/10.3.1/../../../../arm-none-eabi/lib/thumb/v7e-m+fp/hard/libnosys.a(sbrk.o)
 .ARM.attributes
                0x0000000000000743       0x1e /opt/gcc-arm-none-eabi-10.3-2021.10/bin/../lib/gcc/arm-none-eabi/10.3.1/thumb/v7e-m+fp/hard/crtn.o
OUTPUT(build/data_acq_autogen.elf elf32-littlearm)
LOAD linker stubs
LOAD /opt/gcc-arm-none-eabi-10.3-2021.10/bin/../lib/gcc/arm-none-eabi/10.3.1/../../../../arm-none-eabi/lib/thumb/v7e-m+fp/hard/libc.a
LOAD /opt/gcc-arm-none-eabi-10.3-2021.10/bin/../lib/gcc/arm-none-eabi/10.3.1/../../../../arm-none-eabi/lib/thumb/v7e-m+fp/hard/libm.a
LOAD /opt/gcc-arm-none-eabi-10.3-2021.10/bin/../lib/gcc/arm-none-eabi/10.3.1/thumb/v7e-m+fp/hard/libgcc.a

.debug_info     0x0000000000000000     0xdb43
 .debug_info    0x0000000000000000      0x45e build/main.o
 .debug_info    0x000000000000045e      0x3d0 build/gpio.o
 .debug_info    0x000000000000082e      0x868 build/stm32f3xx_it.o
 .debug_info    0x0000000000001096      0x1c9 build/stm32f3xx_hal_msp.o
 .debug_info    0x000000000000125f      0x932 build/stm32f3xx_hal.o
 .debug_info    0x0000000000001b91     0x16de build/stm32f3xx_hal_rcc.o
 .debug_info    0x000000000000326f      0x7f1 build/stm32f3xx_hal_rcc_ex.o
 .debug_info    0x0000000000003a60      0x744 build/stm32f3xx_hal_gpio.o
 .debug_info    0x00000000000041a4      0x8f7 build/stm32f3xx_hal_dma.o
 .debug_info    0x0000000000004a9b     0x10cf build/stm32f3xx_hal_cortex.o
 .debug_info    0x0000000000005b6a      0x47d build/system_stm32f3xx.o
 .debug_info    0x0000000000005fe7      0x973 build/da_main.o
 .debug_info    0x000000000000695a      0x3ff build/dma.o
 .debug_info    0x0000000000006d59      0xd65 build/usart.o
 .debug_info    0x0000000000007abe     0x5114 build/stm32f3xx_hal_uart.o
 .debug_info    0x000000000000cbd2      0xf4f build/stm32f3xx_hal_uart_ex.o
 .debug_info    0x000000000000db21       0x22 build/startup_stm32f303xc.o

.debug_abbrev   0x0000000000000000     0x206d
 .debug_abbrev  0x0000000000000000      0x171 build/main.o
 .debug_abbrev  0x0000000000000171      0x151 build/gpio.o
 .debug_abbrev  0x00000000000002c2      0x157 build/stm32f3xx_it.o
 .debug_abbrev  0x0000000000000419       0xc1 build/stm32f3xx_hal_msp.o
 .debug_abbrev  0x00000000000004da      0x20a build/stm32f3xx_hal.o
 .debug_abbrev  0x00000000000006e4      0x323 build/stm32f3xx_hal_rcc.o
 .debug_abbrev  0x0000000000000a07      0x278 build/stm32f3xx_hal_rcc_ex.o
 .debug_abbrev  0x0000000000000c7f      0x222 build/stm32f3xx_hal_gpio.o
 .debug_abbrev  0x0000000000000ea1      0x24d build/stm32f3xx_hal_dma.o
 .debug_abbrev  0x00000000000010ee      0x382 build/stm32f3xx_hal_cortex.o
 .debug_abbrev  0x0000000000001470      0x11b build/system_stm32f3xx.o
 .debug_abbrev  0x000000000000158b      0x1e0 build/da_main.o
 .debug_abbrev  0x000000000000176b      0x117 build/dma.o
 .debug_abbrev  0x0000000000001882      0x1f3 build/usart.o
 .debug_abbrev  0x0000000000001a75      0x308 build/stm32f3xx_hal_uart.o
 .debug_abbrev  0x0000000000001d7d      0x2de build/stm32f3xx_hal_uart_ex.o
 .debug_abbrev  0x000000000000205b       0x12 build/startup_stm32f303xc.o

.debug_loc      0x0000000000000000     0x91e9
 .debug_loc     0x0000000000000000       0x46 build/main.o
 .debug_loc     0x0000000000000046       0x38 build/gpio.o
 .debug_loc     0x000000000000007e       0x80 build/stm32f3xx_it.o
 .debug_loc     0x00000000000000fe       0x2c build/stm32f3xx_hal_msp.o
 .debug_loc     0x000000000000012a      0x1e1 build/stm32f3xx_hal.o
 .debug_loc     0x000000000000030b      0xf4c build/stm32f3xx_hal_rcc.o
 .debug_loc     0x0000000000001257      0xafc build/stm32f3xx_hal_rcc_ex.o
 .debug_loc     0x0000000000001d53      0x46f build/stm32f3xx_hal_gpio.o
 .debug_loc     0x00000000000021c2      0x928 build/stm32f3xx_hal_dma.o
 .debug_loc     0x0000000000002aea      0x7a4 build/stm32f3xx_hal_cortex.o
 .debug_loc     0x000000000000328e      0x123 build/system_stm32f3xx.o
 .debug_loc     0x00000000000033b1       0xb2 build/da_main.o
 .debug_loc     0x0000000000003463       0x38 build/dma.o
 .debug_loc     0x000000000000349b       0xf5 build/usart.o
 .debug_loc     0x0000000000003590     0x50da build/stm32f3xx_hal_uart.o
 .debug_loc     0x000000000000866a      0xb7f build/stm32f3xx_hal_uart_ex.o

.debug_aranges  0x0000000000000000      0x760
 .debug_aranges
                0x0000000000000000       0x28 build/main.o
 .debug_aranges
                0x0000000000000028       0x20 build/gpio.o
 .debug_aranges
                0x0000000000000048       0x78 build/stm32f3xx_it.o
 .debug_aranges
                0x00000000000000c0       0x20 build/stm32f3xx_hal_msp.o
 .debug_aranges
                0x00000000000000e0       0xe0 build/stm32f3xx_hal.o
 .debug_aranges
                0x00000000000001c0       0x88 build/stm32f3xx_hal_rcc.o
 .debug_aranges
                0x0000000000000248       0x38 build/stm32f3xx_hal_rcc_ex.o
 .debug_aranges
                0x0000000000000280       0x58 build/stm32f3xx_hal_gpio.o
 .debug_aranges
                0x00000000000002d8       0x88 build/stm32f3xx_hal_dma.o
 .debug_aranges
                0x0000000000000360       0xa8 build/stm32f3xx_hal_cortex.o
 .debug_aranges
                0x0000000000000408       0x28 build/system_stm32f3xx.o
 .debug_aranges
                0x0000000000000430       0x28 build/da_main.o
 .debug_aranges
                0x0000000000000458       0x20 build/dma.o
 .debug_aranges
                0x0000000000000478       0x30 build/usart.o
 .debug_aranges
                0x00000000000004a8      0x228 build/stm32f3xx_hal_uart.o
 .debug_aranges
                0x00000000000006d0       0x68 build/stm32f3xx_hal_uart_ex.o
 .debug_aranges
                0x0000000000000738       0x28 build/startup_stm32f303xc.o

.debug_ranges   0x0000000000000000      0x6f0
 .debug_ranges  0x0000000000000000       0x18 build/main.o
 .debug_ranges  0x0000000000000018       0x10 build/gpio.o
 .debug_ranges  0x0000000000000028       0x68 build/stm32f3xx_it.o
 .debug_ranges  0x0000000000000090       0x10 build/stm32f3xx_hal_msp.o
 .debug_ranges  0x00000000000000a0       0xd0 build/stm32f3xx_hal.o
 .debug_ranges  0x0000000000000170       0x98 build/stm32f3xx_hal_rcc.o
 .debug_ranges  0x0000000000000208       0x28 build/stm32f3xx_hal_rcc_ex.o
 .debug_ranges  0x0000000000000230       0x48 build/stm32f3xx_hal_gpio.o
 .debug_ranges  0x0000000000000278       0x78 build/stm32f3xx_hal_dma.o
 .debug_ranges  0x00000000000002f0       0xf8 build/stm32f3xx_hal_cortex.o
 .debug_ranges  0x00000000000003e8       0x18 build/system_stm32f3xx.o
 .debug_ranges  0x0000000000000400       0x18 build/da_main.o
 .debug_ranges  0x0000000000000418       0x10 build/dma.o
 .debug_ranges  0x0000000000000428       0x20 build/usart.o
 .debug_ranges  0x0000000000000448      0x230 build/stm32f3xx_hal_uart.o
 .debug_ranges  0x0000000000000678       0x58 build/stm32f3xx_hal_uart_ex.o
 .debug_ranges  0x00000000000006d0       0x20 build/startup_stm32f303xc.o

.debug_line     0x0000000000000000     0xa4ac
 .debug_line    0x0000000000000000      0x261 build/main.o
 .debug_line    0x0000000000000261      0x19e build/gpio.o
 .debug_line    0x00000000000003ff      0x2e4 build/stm32f3xx_it.o
 .debug_line    0x00000000000006e3      0x13c build/stm32f3xx_hal_msp.o
 .debug_line    0x000000000000081f      0x4fa build/stm32f3xx_hal.o
 .debug_line    0x0000000000000d19     0x1195 build/stm32f3xx_hal_rcc.o
 .debug_line    0x0000000000001eae      0xada build/stm32f3xx_hal_rcc_ex.o
 .debug_line    0x0000000000002988      0x648 build/stm32f3xx_hal_gpio.o
 .debug_line    0x0000000000002fd0      0x9ca build/stm32f3xx_hal_dma.o
 .debug_line    0x000000000000399a      0x71f build/stm32f3xx_hal_cortex.o
 .debug_line    0x00000000000040b9      0x21d build/system_stm32f3xx.o
 .debug_line    0x00000000000042d6      0x2ad build/da_main.o
 .debug_line    0x0000000000004583      0x167 build/dma.o
 .debug_line    0x00000000000046ea      0x37c build/usart.o
 .debug_line    0x0000000000004a66     0x5045 build/stm32f3xx_hal_uart.o
 .debug_line    0x0000000000009aab      0x98b build/stm32f3xx_hal_uart_ex.o
 .debug_line    0x000000000000a436       0x76 build/startup_stm32f303xc.o

.debug_str      0x0000000000000000     0x279a
 .debug_str     0x0000000000000000      0x457 build/main.o
                                        0x49b (size before relaxing)
 .debug_str     0x0000000000000457      0x126 build/gpio.o
                                        0x2b5 (size before relaxing)
 .debug_str     0x000000000000057d      0x4f7 build/stm32f3xx_it.o
                                        0x6d7 (size before relaxing)
 .debug_str     0x0000000000000a74       0x29 build/stm32f3xx_hal_msp.o
                                        0x204 (size before relaxing)
 .debug_str     0x0000000000000a9d      0x779 build/stm32f3xx_hal.o
                                        0x9a2 (size before relaxing)
 .debug_str     0x0000000000001216      0x215 build/stm32f3xx_hal_rcc.o
                                        0x674 (size before relaxing)
 .debug_str     0x000000000000142b       0xc5 build/stm32f3xx_hal_rcc_ex.o
                                        0x530 (size before relaxing)
 .debug_str     0x00000000000014f0      0x13b build/stm32f3xx_hal_gpio.o
                                        0x427 (size before relaxing)
 .debug_str     0x000000000000162b      0x237 build/stm32f3xx_hal_dma.o
                                        0x614 (size before relaxing)
 .debug_str     0x0000000000001862      0x4d1 build/stm32f3xx_hal_cortex.o
                                        0xb5c (size before relaxing)
 .debug_str     0x0000000000001d33       0x52 build/system_stm32f3xx.o
                                        0x2cc (size before relaxing)
 .debug_str     0x0000000000001d85       0x98 build/da_main.o
                                        0x6af (size before relaxing)
 .debug_str     0x0000000000001e1d        0xf build/dma.o
                                        0x650 (size before relaxing)
 .debug_str     0x0000000000001e2c       0x58 build/usart.o
                                        0xbc2 (size before relaxing)
 .debug_str     0x0000000000001e84      0x74e build/stm32f3xx_hal_uart.o
                                        0xecf (size before relaxing)
 .debug_str     0x00000000000025d2      0x1a4 build/stm32f3xx_hal_uart_ex.o
                                        0x8a7 (size before relaxing)
 .debug_str     0x0000000000002776       0x24 build/startup_stm32f303xc.o
                                         0x5c (size before relaxing)

.comment        0x0000000000000000       0x49
 .comment       0x0000000000000000       0x49 build/main.o
                                         0x4a (size before relaxing)
 .comment       0x0000000000000049       0x4a build/gpio.o
 .comment       0x0000000000000049       0x4a build/stm32f3xx_it.o
 .comment       0x0000000000000049       0x4a build/stm32f3xx_hal_msp.o
 .comment       0x0000000000000049       0x4a build/stm32f3xx_hal.o
 .comment       0x0000000000000049       0x4a build/stm32f3xx_hal_rcc.o
 .comment       0x0000000000000049       0x4a build/stm32f3xx_hal_rcc_ex.o
 .comment       0x0000000000000049       0x4a build/stm32f3xx_hal_gpio.o
 .comment       0x0000000000000049       0x4a build/stm32f3xx_hal_dma.o
 .comment       0x0000000000000049       0x4a build/stm32f3xx_hal_cortex.o
 .comment       0x0000000000000049       0x4a build/system_stm32f3xx.o
 .comment       0x0000000000000049       0x4a build/da_main.o
 .comment       0x0000000000000049       0x4a build/dma.o
 .comment       0x0000000000000049       0x4a build/usart.o
 .comment       0x0000000000000049       0x4a build/stm32f3xx_hal_uart.o
 .comment       0x0000000000000049       0x4a build/stm32f3xx_hal_uart_ex.o

.debug_frame    0x0000000000000000     0x1548
 .debug_frame   0x0000000000000000       0x40 build/main.o
 .debug_frame   0x0000000000000040       0x30 build/gpio.o
 .debug_frame   0x0000000000000070       0xf0 build/stm32f3xx_it.o
 .debug_frame   0x0000000000000160       0x28 build/stm32f3xx_hal_msp.o
 .debug_frame   0x0000000000000188      0x1cc build/stm32f3xx_hal.o
 .debug_frame   0x0000000000000354      0x16c build/stm32f3xx_hal_rcc.o
 .debug_frame   0x00000000000004c0       0x7c build/stm32f3xx_hal_rcc_ex.o
 .debug_frame   0x000000000000053c       0xd0 build/stm32f3xx_hal_gpio.o
 .debug_frame   0x000000000000060c      0x160 build/stm32f3xx_hal_dma.o
 .debug_frame   0x000000000000076c      0x148 build/stm32f3xx_hal_cortex.o
 .debug_frame   0x00000000000008b4       0x30 build/system_stm32f3xx.o
 .debug_frame   0x00000000000008e4       0x40 build/da_main.o
 .debug_frame   0x0000000000000924       0x2c build/dma.o
 .debug_frame   0x0000000000000950       0x60 build/usart.o
 .debug_frame   0x00000000000009b0      0x600 build/stm32f3xx_hal_uart.o
 .debug_frame   0x0000000000000fb0      0x128 build/stm32f3xx_hal_uart_ex.o
 .debug_frame   0x00000000000010d8       0x2c /opt/gcc-arm-none-eabi-10.3-2021.10/bin/../lib/gcc/arm-none-eabi/10.3.1/../../../../arm-none-eabi/lib/thumb/v7e-m+fp/hard/libc_nano.a(lib_a-init.o)
 .debug_frame   0x0000000000001104       0x20 /opt/gcc-arm-none-eabi-10.3-2021.10/bin/../lib/gcc/arm-none-eabi/10.3.1/../../../../arm-none-eabi/lib/thumb/v7e-m+fp/hard/libc_nano.a(lib_a-memset.o)
 .debug_frame   0x0000000000001124       0x7c /opt/gcc-arm-none-eabi-10.3-2021.10/bin/../lib/gcc/arm-none-eabi/10.3.1/../../../../arm-none-eabi/lib/thumb/v7e-m+fp/hard/libc_nano.a(lib_a-snprintf.o)
 .debug_frame   0x00000000000011a0       0x90 /opt/gcc-arm-none-eabi-10.3-2021.10/bin/../lib/gcc/arm-none-eabi/10.3.1/../../../../arm-none-eabi/lib/thumb/v7e-m+fp/hard/libc_nano.a(lib_a-nano-svfprintf.o)
 .debug_frame   0x0000000000001230       0x60 /opt/gcc-arm-none-eabi-10.3-2021.10/bin/../lib/gcc/arm-none-eabi/10.3.1/../../../../arm-none-eabi/lib/thumb/v7e-m+fp/hard/libc_nano.a(lib_a-nano-vfprintf_i.o)
 .debug_frame   0x0000000000001290       0x28 /opt/gcc-arm-none-eabi-10.3-2021.10/bin/../lib/gcc/arm-none-eabi/10.3.1/../../../../arm-none-eabi/lib/thumb/v7e-m+fp/hard/libc_nano.a(lib_a-memcpy-stub.o)
 .debug_frame   0x00000000000012b8       0x28 /opt/gcc-arm-none-eabi-10.3-2021.10/bin/../lib/gcc/arm-none-eabi/10.3.1/../../../../arm-none-eabi/lib/thumb/v7e-m+fp/hard/libc_nano.a(lib_a-memmove.o)
 .debug_frame   0x00000000000012e0       0x38 /opt/gcc-arm-none-eabi-10.3-2021.10/bin/../lib/gcc/arm-none-eabi/10.3.1/../../../../arm-none-eabi/lib/thumb/v7e-m+fp/hard/libc_nano.a(lib_a-nano-freer.o)
 .debug_frame   0x0000000000001318       0x4c /opt/gcc-arm-none-eabi-10.3-2021.10/bin/../lib/gcc/arm-none-eabi/10.3.1/../../../../arm-none-eabi/lib/thumb/v7e-m+fp/hard/libc_nano.a(lib_a-nano-mallocr.o)
 .debug_frame   0x0000000000001364       0x3c /opt/gcc-arm-none-eabi-10.3-2021.10/bin/../lib/gcc/arm-none-eabi/10.3.1/../../../../arm-none-eabi/lib/thumb/v7e-m+fp/hard/libc_nano.a(lib_a-nano-reallocr.o)
 .debug_frame   0x00000000000013a0       0x2c /opt/gcc-arm-none-eabi-10.3-2021.10/bin/../lib/gcc/arm-none-eabi/10.3.1/../../../../arm-none-eabi/lib/thumb/v7e-m+fp/hard/libc_nano.a(lib_a-sbrkr.o)
 .debug_frame   0x00000000000013cc       0x30 /opt/gcc-arm-none-eabi-10.3-2021.10/bin/../lib/gcc/arm-none-eabi/10.3.1/../../../../arm-none-eabi/lib/thumb/v7e-m+fp/hard/libc_nano.a(lib_a-mlock.o)
 .debug_frame   0x00000000000013fc       0x20 /opt/gcc-arm-none-eabi-10.3-2021.10/bin/../lib/gcc/arm-none-eabi/10.3.1/../../../../arm-none-eabi/lib/thumb/v7e-m+fp/hard/libc_nano.a(lib_a-nano-msizer.o)
 .debug_frame   0x000000000000141c       0x5c /opt/gcc-arm-none-eabi-10.3-2021.10/bin/../lib/gcc/arm-none-eabi/10.3.1/../../../../arm-none-eabi/lib/thumb/v7e-m+fp/hard/libc_nano.a(lib_a-reent.o)
 .debug_frame   0x0000000000001478       0xb0 /opt/gcc-arm-none-eabi-10.3-2021.10/bin/../lib/gcc/arm-none-eabi/10.3.1/../../../../arm-none-eabi/lib/thumb/v7e-m+fp/hard/libc_nano.a(lib_a-lock.o)
 .debug_frame   0x0000000000001528       0x20 /opt/gcc-arm-none-eabi-10.3-2021.10/bin/../lib/gcc/arm-none-eabi/10.3.1/../../../../arm-none-eabi/lib/thumb/v7e-m+fp/hard/libnosys.a(sbrk.o)

Cross Reference Table

Symbol                                            File
ADC1_2_IRQHandler                                 build/startup_stm32f303xc.o
ADC3_IRQHandler                                   build/startup_stm32f303xc.o
ADC4_IRQHandler                                   build/startup_stm32f303xc.o
AHBPrescTable                                     build/system_stm32f3xx.o
                                                  build/stm32f3xx_hal_rcc.o
APBPrescTable                                     build/system_stm32f3xx.o
                                                  build/stm32f3xx_hal_rcc.o
BusFault_Handler                                  build/stm32f3xx_it.o
CAN_RX1_IRQHandler                                build/startup_stm32f303xc.o
CAN_SCE_IRQHandler                                build/startup_stm32f303xc.o
COMP1_2_3_IRQHandler                              build/startup_stm32f303xc.o
COMP4_5_6_IRQHandler                              build/startup_stm32f303xc.o
COMP7_IRQHandler                                  build/startup_stm32f303xc.o
DMA1_Channel1_IRQHandler                          build/startup_stm32f303xc.o
DMA1_Channel2_IRQHandler                          build/startup_stm32f303xc.o
DMA1_Channel3_IRQHandler                          build/startup_stm32f303xc.o
DMA1_Channel4_IRQHandler                          build/stm32f3xx_it.o
DMA1_Channel5_IRQHandler                          build/stm32f3xx_it.o
DMA1_Channel6_IRQHandler                          build/startup_stm32f303xc.o
DMA1_Channel7_IRQHandler                          build/startup_stm32f303xc.o
DMA2_Channel1_IRQHandler                          build/startup_stm32f303xc.o
DMA2_Channel2_IRQHandler                          build/startup_stm32f303xc.o
DMA2_Channel3_IRQHandler                          build/startup_stm32f303xc.o
DMA2_Channel4_IRQHandler                          build/startup_stm32f303xc.o
DMA2_Channel5_IRQHandler                          build/startup_stm32f303xc.o
DebugMon_Handler                                  build/stm32f3xx_it.o
Default_Handler                                   build/startup_stm32f303xc.o
EXTI0_IRQHandler                                  build/startup_stm32f303xc.o
EXTI15_10_IRQHandler                              build/startup_stm32f303xc.o
EXTI1_IRQHandler                                  build/startup_stm32f303xc.o
EXTI2_TSC_IRQHandler                              build/startup_stm32f303xc.o
EXTI3_IRQHandler                                  build/startup_stm32f303xc.o
EXTI4_IRQHandler                                  build/startup_stm32f303xc.o
EXTI9_5_IRQHandler                                build/startup_stm32f303xc.o
Error_Handler                                     build/main.o
                                                  build/usart.o
FLASH_IRQHandler                                  build/startup_stm32f303xc.o
FLASH_PageErase                                   build/stm32f3xx_hal_flash_ex.o
                                                  build/stm32f3xx_hal_flash.o
FLASH_WaitForLastOperation                        build/stm32f3xx_hal_flash.o
                                                  build/stm32f3xx_hal_flash_ex.o
FPU_IRQHandler                                    build/startup_stm32f303xc.o
HAL_DBGMCU_DisableDBGSleepMode                    build/stm32f3xx_hal.o
HAL_DBGMCU_DisableDBGStandbyMode                  build/stm32f3xx_hal.o
HAL_DBGMCU_DisableDBGStopMode                     build/stm32f3xx_hal.o
HAL_DBGMCU_EnableDBGSleepMode                     build/stm32f3xx_hal.o
HAL_DBGMCU_EnableDBGStandbyMode                   build/stm32f3xx_hal.o
HAL_DBGMCU_EnableDBGStopMode                      build/stm32f3xx_hal.o
HAL_DMA_Abort                                     build/stm32f3xx_hal_dma.o
                                                  build/stm32f3xx_hal_uart.o
HAL_DMA_Abort_IT                                  build/stm32f3xx_hal_dma.o
                                                  build/stm32f3xx_hal_uart.o
                                                  build/stm32f3xx_hal_i2c.o
HAL_DMA_DeInit                                    build/stm32f3xx_hal_dma.o
                                                  build/usart.o
HAL_DMA_GetError                                  build/stm32f3xx_hal_dma.o
                                                  build/stm32f3xx_hal_uart.o
HAL_DMA_GetState                                  build/stm32f3xx_hal_dma.o
                                                  build/stm32f3xx_hal_i2c.o
HAL_DMA_IRQHandler                                build/stm32f3xx_hal_dma.o
                                                  build/stm32f3xx_it.o
HAL_DMA_Init                                      build/stm32f3xx_hal_dma.o
                                                  build/usart.o
HAL_DMA_PollForTransfer                           build/stm32f3xx_hal_dma.o
HAL_DMA_RegisterCallback                          build/stm32f3xx_hal_dma.o
HAL_DMA_Start                                     build/stm32f3xx_hal_dma.o
HAL_DMA_Start_IT                                  build/stm32f3xx_hal_dma.o
                                                  build/stm32f3xx_hal_uart.o
                                                  build/stm32f3xx_hal_i2c.o
HAL_DMA_UnRegisterCallback                        build/stm32f3xx_hal_dma.o
HAL_DeInit                                        build/stm32f3xx_hal.o
HAL_Delay                                         build/stm32f3xx_hal.o
                                                  build/da_main.o
HAL_EXTI_ClearConfigLine                          build/stm32f3xx_hal_exti.o
HAL_EXTI_ClearPending                             build/stm32f3xx_hal_exti.o
HAL_EXTI_GenerateSWI                              build/stm32f3xx_hal_exti.o
HAL_EXTI_GetConfigLine                            build/stm32f3xx_hal_exti.o
HAL_EXTI_GetHandle                                build/stm32f3xx_hal_exti.o
HAL_EXTI_GetPending                               build/stm32f3xx_hal_exti.o
HAL_EXTI_IRQHandler                               build/stm32f3xx_hal_exti.o
HAL_EXTI_RegisterCallback                         build/stm32f3xx_hal_exti.o
HAL_EXTI_SetConfigLine                            build/stm32f3xx_hal_exti.o
HAL_FLASHEx_Erase                                 build/stm32f3xx_hal_flash_ex.o
HAL_FLASHEx_Erase_IT                              build/stm32f3xx_hal_flash_ex.o
HAL_FLASHEx_OBErase                               build/stm32f3xx_hal_flash_ex.o
HAL_FLASHEx_OBGetConfig                           build/stm32f3xx_hal_flash_ex.o
HAL_FLASHEx_OBGetUserData                         build/stm32f3xx_hal_flash_ex.o
HAL_FLASHEx_OBProgram                             build/stm32f3xx_hal_flash_ex.o
HAL_FLASH_EndOfOperationCallback                  build/stm32f3xx_hal_flash.o
HAL_FLASH_GetError                                build/stm32f3xx_hal_flash.o
HAL_FLASH_IRQHandler                              build/stm32f3xx_hal_flash.o
HAL_FLASH_Lock                                    build/stm32f3xx_hal_flash.o
HAL_FLASH_OB_Launch                               build/stm32f3xx_hal_flash.o
HAL_FLASH_OB_Lock                                 build/stm32f3xx_hal_flash.o
HAL_FLASH_OB_Unlock                               build/stm32f3xx_hal_flash.o
HAL_FLASH_OperationErrorCallback                  build/stm32f3xx_hal_flash.o
HAL_FLASH_Program                                 build/stm32f3xx_hal_flash.o
HAL_FLASH_Program_IT                              build/stm32f3xx_hal_flash.o
HAL_FLASH_Unlock                                  build/stm32f3xx_hal_flash.o
HAL_GPIO_DeInit                                   build/stm32f3xx_hal_gpio.o
                                                  build/usart.o
HAL_GPIO_EXTI_Callback                            build/stm32f3xx_hal_gpio.o
HAL_GPIO_EXTI_IRQHandler                          build/stm32f3xx_hal_gpio.o
HAL_GPIO_Init                                     build/stm32f3xx_hal_gpio.o
                                                  build/usart.o
                                                  build/stm32f3xx_hal_rcc.o
                                                  build/gpio.o
HAL_GPIO_LockPin                                  build/stm32f3xx_hal_gpio.o
HAL_GPIO_ReadPin                                  build/stm32f3xx_hal_gpio.o
HAL_GPIO_TogglePin                                build/stm32f3xx_hal_gpio.o
                                                  build/da_main.o
HAL_GPIO_WritePin                                 build/stm32f3xx_hal_gpio.o
                                                  build/gpio.o
HAL_GetDEVID                                      build/stm32f3xx_hal.o
HAL_GetHalVersion                                 build/stm32f3xx_hal.o
HAL_GetREVID                                      build/stm32f3xx_hal.o
HAL_GetTick                                       build/stm32f3xx_hal.o
                                                  build/stm32f3xx_hal_uart_ex.o
                                                  build/stm32f3xx_hal_uart.o
                                                  build/stm32f3xx_hal_i2c.o
                                                  build/stm32f3xx_hal_flash.o
                                                  build/stm32f3xx_hal_dma.o
                                                  build/stm32f3xx_hal_rcc_ex.o
                                                  build/stm32f3xx_hal_rcc.o
HAL_GetTickFreq                                   build/stm32f3xx_hal.o
HAL_GetTickPrio                                   build/stm32f3xx_hal.o
HAL_GetUIDw0                                      build/stm32f3xx_hal.o
HAL_GetUIDw1                                      build/stm32f3xx_hal.o
HAL_GetUIDw2                                      build/stm32f3xx_hal.o
HAL_HalfDuplex_EnableReceiver                     build/stm32f3xx_hal_uart.o
HAL_HalfDuplex_EnableTransmitter                  build/stm32f3xx_hal_uart.o
HAL_HalfDuplex_Init                               build/stm32f3xx_hal_uart.o
HAL_I2CEx_ConfigAnalogFilter                      build/stm32f3xx_hal_i2c_ex.o
HAL_I2CEx_ConfigDigitalFilter                     build/stm32f3xx_hal_i2c_ex.o
HAL_I2CEx_DisableFastModePlus                     build/stm32f3xx_hal_i2c_ex.o
HAL_I2CEx_DisableWakeUp                           build/stm32f3xx_hal_i2c_ex.o
HAL_I2CEx_EnableFastModePlus                      build/stm32f3xx_hal_i2c_ex.o
HAL_I2CEx_EnableWakeUp                            build/stm32f3xx_hal_i2c_ex.o
HAL_I2C_AbortCpltCallback                         build/stm32f3xx_hal_i2c.o
HAL_I2C_AddrCallback                              build/stm32f3xx_hal_i2c.o
HAL_I2C_DeInit                                    build/stm32f3xx_hal_i2c.o
HAL_I2C_DisableListen_IT                          build/stm32f3xx_hal_i2c.o
HAL_I2C_ER_IRQHandler                             build/stm32f3xx_hal_i2c.o
HAL_I2C_EV_IRQHandler                             build/stm32f3xx_hal_i2c.o
HAL_I2C_EnableListen_IT                           build/stm32f3xx_hal_i2c.o
HAL_I2C_ErrorCallback                             build/stm32f3xx_hal_i2c.o
HAL_I2C_GetError                                  build/stm32f3xx_hal_i2c.o
HAL_I2C_GetMode                                   build/stm32f3xx_hal_i2c.o
HAL_I2C_GetState                                  build/stm32f3xx_hal_i2c.o
HAL_I2C_Init                                      build/stm32f3xx_hal_i2c.o
HAL_I2C_IsDeviceReady                             build/stm32f3xx_hal_i2c.o
HAL_I2C_ListenCpltCallback                        build/stm32f3xx_hal_i2c.o
HAL_I2C_MasterRxCpltCallback                      build/stm32f3xx_hal_i2c.o
HAL_I2C_MasterTxCpltCallback                      build/stm32f3xx_hal_i2c.o
HAL_I2C_Master_Abort_IT                           build/stm32f3xx_hal_i2c.o
HAL_I2C_Master_Receive                            build/stm32f3xx_hal_i2c.o
HAL_I2C_Master_Receive_DMA                        build/stm32f3xx_hal_i2c.o
HAL_I2C_Master_Receive_IT                         build/stm32f3xx_hal_i2c.o
HAL_I2C_Master_Seq_Receive_DMA                    build/stm32f3xx_hal_i2c.o
HAL_I2C_Master_Seq_Receive_IT                     build/stm32f3xx_hal_i2c.o
HAL_I2C_Master_Seq_Transmit_DMA                   build/stm32f3xx_hal_i2c.o
HAL_I2C_Master_Seq_Transmit_IT                    build/stm32f3xx_hal_i2c.o
HAL_I2C_Master_Transmit                           build/stm32f3xx_hal_i2c.o
HAL_I2C_Master_Transmit_DMA                       build/stm32f3xx_hal_i2c.o
HAL_I2C_Master_Transmit_IT                        build/stm32f3xx_hal_i2c.o
HAL_I2C_MemRxCpltCallback                         build/stm32f3xx_hal_i2c.o
HAL_I2C_MemTxCpltCallback                         build/stm32f3xx_hal_i2c.o
HAL_I2C_Mem_Read                                  build/stm32f3xx_hal_i2c.o
HAL_I2C_Mem_Read_DMA                              build/stm32f3xx_hal_i2c.o
HAL_I2C_Mem_Read_IT                               build/stm32f3xx_hal_i2c.o
HAL_I2C_Mem_Write                                 build/stm32f3xx_hal_i2c.o
HAL_I2C_Mem_Write_DMA                             build/stm32f3xx_hal_i2c.o
HAL_I2C_Mem_Write_IT                              build/stm32f3xx_hal_i2c.o
HAL_I2C_MspDeInit                                 build/stm32f3xx_hal_i2c.o
HAL_I2C_MspInit                                   build/stm32f3xx_hal_i2c.o
HAL_I2C_SlaveRxCpltCallback                       build/stm32f3xx_hal_i2c.o
HAL_I2C_SlaveTxCpltCallback                       build/stm32f3xx_hal_i2c.o
HAL_I2C_Slave_Receive                             build/stm32f3xx_hal_i2c.o
HAL_I2C_Slave_Receive_DMA                         build/stm32f3xx_hal_i2c.o
HAL_I2C_Slave_Receive_IT                          build/stm32f3xx_hal_i2c.o
HAL_I2C_Slave_Seq_Receive_DMA                     build/stm32f3xx_hal_i2c.o
HAL_I2C_Slave_Seq_Receive_IT                      build/stm32f3xx_hal_i2c.o
HAL_I2C_Slave_Seq_Transmit_DMA                    build/stm32f3xx_hal_i2c.o
HAL_I2C_Slave_Seq_Transmit_IT                     build/stm32f3xx_hal_i2c.o
HAL_I2C_Slave_Transmit                            build/stm32f3xx_hal_i2c.o
HAL_I2C_Slave_Transmit_DMA                        build/stm32f3xx_hal_i2c.o
HAL_I2C_Slave_Transmit_IT                         build/stm32f3xx_hal_i2c.o
HAL_IncTick                                       build/stm32f3xx_hal.o
                                                  build/stm32f3xx_it.o
HAL_Init                                          build/stm32f3xx_hal.o
                                                  build/da_main.o
HAL_InitTick                                      build/stm32f3xx_hal.o
                                                  build/stm32f3xx_hal_rcc.o
HAL_LIN_Init                                      build/stm32f3xx_hal_uart.o
HAL_LIN_SendBreak                                 build/stm32f3xx_hal_uart.o
HAL_MPU_ConfigRegion                              build/stm32f3xx_hal_cortex.o
HAL_MPU_Disable                                   build/stm32f3xx_hal_cortex.o
HAL_MPU_Enable                                    build/stm32f3xx_hal_cortex.o
HAL_MspDeInit                                     build/stm32f3xx_hal.o
HAL_MspInit                                       build/stm32f3xx_hal_msp.o
HAL_MultiProcessorEx_AddressLength_Set            build/stm32f3xx_hal_uart_ex.o
HAL_MultiProcessor_DisableMuteMode                build/stm32f3xx_hal_uart.o
HAL_MultiProcessor_EnableMuteMode                 build/stm32f3xx_hal_uart.o
HAL_MultiProcessor_EnterMuteMode                  build/stm32f3xx_hal_uart.o
HAL_MultiProcessor_Init                           build/stm32f3xx_hal_uart.o
                                                  build/usart.o
HAL_NVIC_ClearPendingIRQ                          build/stm32f3xx_hal_cortex.o
HAL_NVIC_DisableIRQ                               build/stm32f3xx_hal_cortex.o
                                                  build/usart.o
HAL_NVIC_EnableIRQ                                build/stm32f3xx_hal_cortex.o
                                                  build/usart.o
                                                  build/dma.o
HAL_NVIC_GetActive                                build/stm32f3xx_hal_cortex.o
HAL_NVIC_GetPendingIRQ                            build/stm32f3xx_hal_cortex.o
HAL_NVIC_GetPriority                              build/stm32f3xx_hal_cortex.o
HAL_NVIC_GetPriorityGrouping                      build/stm32f3xx_hal_cortex.o
HAL_NVIC_SetPendingIRQ                            build/stm32f3xx_hal_cortex.o
HAL_NVIC_SetPriority                              build/stm32f3xx_hal_cortex.o
                                                  build/usart.o
                                                  build/dma.o
                                                  build/stm32f3xx_hal.o
HAL_NVIC_SetPriorityGrouping                      build/stm32f3xx_hal_cortex.o
                                                  build/stm32f3xx_hal.o
HAL_NVIC_SystemReset                              build/stm32f3xx_hal_cortex.o
HAL_PWR_ConfigPVD                                 build/stm32f3xx_hal_pwr_ex.o
HAL_PWR_DeInit                                    build/stm32f3xx_hal_pwr.o
HAL_PWR_DisableBkUpAccess                         build/stm32f3xx_hal_pwr.o
HAL_PWR_DisablePVD                                build/stm32f3xx_hal_pwr_ex.o
HAL_PWR_DisableSEVOnPend                          build/stm32f3xx_hal_pwr.o
HAL_PWR_DisableSleepOnExit                        build/stm32f3xx_hal_pwr.o
HAL_PWR_DisableWakeUpPin                          build/stm32f3xx_hal_pwr.o
HAL_PWR_EnableBkUpAccess                          build/stm32f3xx_hal_pwr.o
HAL_PWR_EnablePVD                                 build/stm32f3xx_hal_pwr_ex.o
HAL_PWR_EnableSEVOnPend                           build/stm32f3xx_hal_pwr.o
HAL_PWR_EnableSleepOnExit                         build/stm32f3xx_hal_pwr.o
HAL_PWR_EnableWakeUpPin                           build/stm32f3xx_hal_pwr.o
HAL_PWR_EnterSLEEPMode                            build/stm32f3xx_hal_pwr.o
HAL_PWR_EnterSTANDBYMode                          build/stm32f3xx_hal_pwr.o
HAL_PWR_EnterSTOPMode                             build/stm32f3xx_hal_pwr.o
HAL_PWR_PVDCallback                               build/stm32f3xx_hal_pwr_ex.o
HAL_PWR_PVD_IRQHandler                            build/stm32f3xx_hal_pwr_ex.o
HAL_RCCEx_GetPeriphCLKConfig                      build/stm32f3xx_hal_rcc_ex.o
HAL_RCCEx_GetPeriphCLKFreq                        build/stm32f3xx_hal_rcc_ex.o
HAL_RCCEx_PeriphCLKConfig                         build/stm32f3xx_hal_rcc_ex.o
                                                  build/main.o
HAL_RCC_CSSCallback                               build/stm32f3xx_hal_rcc.o
HAL_RCC_ClockConfig                               build/stm32f3xx_hal_rcc.o
                                                  build/main.o
HAL_RCC_DeInit                                    build/stm32f3xx_hal_rcc.o
HAL_RCC_DisableCSS                                build/stm32f3xx_hal_rcc.o
HAL_RCC_EnableCSS                                 build/stm32f3xx_hal_rcc.o
HAL_RCC_GetClockConfig                            build/stm32f3xx_hal_rcc.o
HAL_RCC_GetHCLKFreq                               build/stm32f3xx_hal_rcc.o
HAL_RCC_GetOscConfig                              build/stm32f3xx_hal_rcc.o
HAL_RCC_GetPCLK1Freq                              build/stm32f3xx_hal_rcc.o
                                                  build/stm32f3xx_hal_uart.o
                                                  build/stm32f3xx_hal_rcc_ex.o
HAL_RCC_GetPCLK2Freq                              build/stm32f3xx_hal_rcc.o
                                                  build/stm32f3xx_hal_uart.o
                                                  build/stm32f3xx_hal_rcc_ex.o
HAL_RCC_GetSysClockFreq                           build/stm32f3xx_hal_rcc.o
                                                  build/stm32f3xx_hal_uart.o
                                                  build/stm32f3xx_hal_rcc_ex.o
HAL_RCC_MCOConfig                                 build/stm32f3xx_hal_rcc.o
HAL_RCC_NMI_IRQHandler                            build/stm32f3xx_hal_rcc.o
HAL_RCC_OscConfig                                 build/stm32f3xx_hal_rcc.o
                                                  build/main.o
HAL_RS485Ex_Init                                  build/stm32f3xx_hal_uart_ex.o
HAL_ResumeTick                                    build/stm32f3xx_hal.o
HAL_SYSTICK_CLKSourceConfig                       build/stm32f3xx_hal_cortex.o
HAL_SYSTICK_Callback                              build/stm32f3xx_hal_cortex.o
HAL_SYSTICK_Config                                build/stm32f3xx_hal_cortex.o
                                                  build/stm32f3xx_hal.o
HAL_SYSTICK_IRQHandler                            build/stm32f3xx_hal_cortex.o
HAL_SetTickFreq                                   build/stm32f3xx_hal.o
HAL_SuspendTick                                   build/stm32f3xx_hal.o
HAL_UARTEx_DisableStopMode                        build/stm32f3xx_hal_uart_ex.o
HAL_UARTEx_EnableStopMode                         build/stm32f3xx_hal_uart_ex.o
HAL_UARTEx_ReceiveToIdle                          build/stm32f3xx_hal_uart_ex.o
HAL_UARTEx_ReceiveToIdle_DMA                      build/stm32f3xx_hal_uart_ex.o
HAL_UARTEx_ReceiveToIdle_IT                       build/stm32f3xx_hal_uart_ex.o
HAL_UARTEx_RxEventCallback                        build/stm32f3xx_hal_uart.o
HAL_UARTEx_StopModeWakeUpSourceConfig             build/stm32f3xx_hal_uart_ex.o
HAL_UARTEx_WakeupCallback                         build/stm32f3xx_hal_uart_ex.o
                                                  build/stm32f3xx_hal_uart.o
HAL_UART_Abort                                    build/stm32f3xx_hal_uart.o
HAL_UART_AbortCpltCallback                        build/stm32f3xx_hal_uart.o
HAL_UART_AbortReceive                             build/stm32f3xx_hal_uart.o
HAL_UART_AbortReceiveCpltCallback                 build/stm32f3xx_hal_uart.o
HAL_UART_AbortReceive_IT                          build/stm32f3xx_hal_uart.o
HAL_UART_AbortTransmit                            build/stm32f3xx_hal_uart.o
HAL_UART_AbortTransmitCpltCallback                build/stm32f3xx_hal_uart.o
HAL_UART_AbortTransmit_IT                         build/stm32f3xx_hal_uart.o
HAL_UART_Abort_IT                                 build/stm32f3xx_hal_uart.o
HAL_UART_DMAPause                                 build/stm32f3xx_hal_uart.o
HAL_UART_DMAResume                                build/stm32f3xx_hal_uart.o
HAL_UART_DMAStop                                  build/stm32f3xx_hal_uart.o
HAL_UART_DeInit                                   build/stm32f3xx_hal_uart.o
HAL_UART_DisableReceiverTimeout                   build/stm32f3xx_hal_uart.o
HAL_UART_EnableReceiverTimeout                    build/stm32f3xx_hal_uart.o
HAL_UART_ErrorCallback                            build/stm32f3xx_hal_uart.o
HAL_UART_GetError                                 build/stm32f3xx_hal_uart.o
HAL_UART_GetState                                 build/stm32f3xx_hal_uart.o
HAL_UART_IRQHandler                               build/stm32f3xx_hal_uart.o
                                                  build/stm32f3xx_it.o
HAL_UART_Init                                     build/stm32f3xx_hal_uart.o
HAL_UART_MspDeInit                                build/usart.o
HAL_UART_MspInit                                  build/usart.o
                                                  build/stm32f3xx_hal_uart_ex.o
HAL_UART_Receive                                  build/stm32f3xx_hal_uart.o
HAL_UART_Receive_DMA                              build/stm32f3xx_hal_uart.o
HAL_UART_Receive_IT                               build/stm32f3xx_hal_uart.o
HAL_UART_ReceiverTimeout_Config                   build/stm32f3xx_hal_uart.o
HAL_UART_RxCpltCallback                           build/stm32f3xx_hal_uart.o
HAL_UART_RxHalfCpltCallback                       build/stm32f3xx_hal_uart.o
HAL_UART_Transmit                                 build/stm32f3xx_hal_uart.o
HAL_UART_Transmit_DMA                             build/stm32f3xx_hal_uart.o
                                                  build/da_main.o
HAL_UART_Transmit_IT                              build/stm32f3xx_hal_uart.o
HAL_UART_TxCpltCallback                           build/da_main.o
HAL_UART_TxHalfCpltCallback                       build/stm32f3xx_hal_uart.o
HardFault_Handler                                 build/stm32f3xx_it.o
I2C1_ER_IRQHandler                                build/startup_stm32f303xc.o
I2C1_EV_IRQHandler                                build/startup_stm32f303xc.o
I2C2_ER_IRQHandler                                build/startup_stm32f303xc.o
I2C2_EV_IRQHandler                                build/startup_stm32f303xc.o
MX_DMA_Init                                       build/dma.o
                                                  build/da_main.o
MX_GPIO_Init                                      build/gpio.o
                                                  build/da_main.o
MX_USART1_UART_Init                               build/usart.o
                                                  build/da_main.o
MemManage_Handler                                 build/stm32f3xx_it.o
NMI_Handler                                       build/stm32f3xx_it.o
PVD_IRQHandler                                    build/startup_stm32f303xc.o
PendSV_Handler                                    build/stm32f3xx_it.o
RCC_IRQHandler                                    build/startup_stm32f303xc.o
RTC_Alarm_IRQHandler                              build/startup_stm32f303xc.o
RTC_WKUP_IRQHandler                               build/startup_stm32f303xc.o
Reset_Handler                                     build/startup_stm32f303xc.o
SPI1_IRQHandler                                   build/startup_stm32f303xc.o
SPI2_IRQHandler                                   build/startup_stm32f303xc.o
SPI3_IRQHandler                                   build/startup_stm32f303xc.o
SVC_Handler                                       build/stm32f3xx_it.o
SysTick_Handler                                   build/stm32f3xx_it.o
SystemClock_Config                                build/main.o
                                                  build/da_main.o
SystemCoreClock                                   build/system_stm32f3xx.o
                                                  build/stm32f3xx_hal_rcc_ex.o
                                                  build/stm32f3xx_hal_rcc.o
                                                  build/stm32f3xx_hal.o
SystemCoreClockUpdate                             build/system_stm32f3xx.o
SystemInit                                        build/system_stm32f3xx.o
                                                  build/startup_stm32f303xc.o
TAMP_STAMP_IRQHandler                             build/startup_stm32f303xc.o
TIM1_BRK_TIM15_IRQHandler                         build/startup_stm32f303xc.o
TIM1_CC_IRQHandler                                build/startup_stm32f303xc.o
TIM1_TRG_COM_TIM17_IRQHandler                     build/startup_stm32f303xc.o
TIM1_UP_TIM16_IRQHandler                          build/startup_stm32f303xc.o
TIM2_IRQHandler                                   build/startup_stm32f303xc.o
TIM3_IRQHandler                                   build/startup_stm32f303xc.o
TIM4_IRQHandler                                   build/startup_stm32f303xc.o
TIM6_DAC_IRQHandler                               build/startup_stm32f303xc.o
TIM7_IRQHandler                                   build/startup_stm32f303xc.o
TIM8_BRK_IRQHandler                               build/startup_stm32f303xc.o
TIM8_CC_IRQHandler                                build/startup_stm32f303xc.o
TIM8_TRG_COM_IRQHandler                           build/startup_stm32f303xc.o
TIM8_UP_IRQHandler                                build/startup_stm32f303xc.o
UART4_IRQHandler                                  build/startup_stm32f303xc.o
UART5_IRQHandler                                  build/startup_stm32f303xc.o
UART_AdvFeatureConfig                             build/stm32f3xx_hal_uart.o
                                                  build/stm32f3xx_hal_uart_ex.o
UART_CheckIdleState                               build/stm32f3xx_hal_uart.o
                                                  build/stm32f3xx_hal_uart_ex.o
UART_SetConfig                                    build/stm32f3xx_hal_uart.o
                                                  build/stm32f3xx_hal_uart_ex.o
UART_Start_Receive_DMA                            build/stm32f3xx_hal_uart.o
                                                  build/stm32f3xx_hal_uart_ex.o
UART_Start_Receive_IT                             build/stm32f3xx_hal_uart.o
                                                  build/stm32f3xx_hal_uart_ex.o
UART_WaitOnFlagUntilTimeout                       build/stm32f3xx_hal_uart.o
                                                  build/stm32f3xx_hal_uart_ex.o
USART1_IRQHandler                                 build/stm32f3xx_it.o
USART2_IRQHandler                                 build/startup_stm32f303xc.o
USART3_IRQHandler                                 build/startup_stm32f303xc.o
USBWakeUp_IRQHandler                              build/startup_stm32f303xc.o
USBWakeUp_RMP_IRQHandler                          build/startup_stm32f303xc.o
USB_HP_CAN_TX_IRQHandler                          build/startup_stm32f303xc.o
USB_HP_IRQHandler                                 build/startup_stm32f303xc.o
USB_LP_CAN_RX0_IRQHandler                         build/startup_stm32f303xc.o
USB_LP_IRQHandler                                 build/startup_stm32f303xc.o
UsageFault_Handler                                build/stm32f3xx_it.o
WWDG_IRQHandler                                   build/startup_stm32f303xc.o
__bss_end__                                       /opt/gcc-arm-none-eabi-10.3-2021.10/bin/../lib/gcc/arm-none-eabi/10.3.1/../../../../arm-none-eabi/lib/thumb/v7e-m+fp/hard/crt0.o
__bss_start__                                     /opt/gcc-arm-none-eabi-10.3-2021.10/bin/../lib/gcc/arm-none-eabi/10.3.1/../../../../arm-none-eabi/lib/thumb/v7e-m+fp/hard/crt0.o
__call_exitprocs                                  /opt/gcc-arm-none-eabi-10.3-2021.10/bin/../lib/gcc/arm-none-eabi/10.3.1/../../../../arm-none-eabi/lib/thumb/v7e-m+fp/hard/libc_nano.a(lib_a-exit.o)
__deregister_frame_info                           /opt/gcc-arm-none-eabi-10.3-2021.10/bin/../lib/gcc/arm-none-eabi/10.3.1/thumb/v7e-m+fp/hard/crtbegin.o
__dso_handle                                      /opt/gcc-arm-none-eabi-10.3-2021.10/bin/../lib/gcc/arm-none-eabi/10.3.1/thumb/v7e-m+fp/hard/crtbegin.o
__init_array_end                                  /opt/gcc-arm-none-eabi-10.3-2021.10/bin/../lib/gcc/arm-none-eabi/10.3.1/../../../../arm-none-eabi/lib/thumb/v7e-m+fp/hard/libc_nano.a(lib_a-init.o)
__init_array_start                                /opt/gcc-arm-none-eabi-10.3-2021.10/bin/../lib/gcc/arm-none-eabi/10.3.1/../../../../arm-none-eabi/lib/thumb/v7e-m+fp/hard/libc_nano.a(lib_a-init.o)
__libc_fini_array                                 /opt/gcc-arm-none-eabi-10.3-2021.10/bin/../lib/gcc/arm-none-eabi/10.3.1/../../../../arm-none-eabi/lib/thumb/v7e-m+fp/hard/crt0.o
__libc_init_array                                 /opt/gcc-arm-none-eabi-10.3-2021.10/bin/../lib/gcc/arm-none-eabi/10.3.1/../../../../arm-none-eabi/lib/thumb/v7e-m+fp/hard/libc_nano.a(lib_a-init.o)
                                                  build/startup_stm32f303xc.o
                                                  /opt/gcc-arm-none-eabi-10.3-2021.10/bin/../lib/gcc/arm-none-eabi/10.3.1/../../../../arm-none-eabi/lib/thumb/v7e-m+fp/hard/crt0.o
__lock___arc4random_mutex                         /opt/gcc-arm-none-eabi-10.3-2021.10/bin/../lib/gcc/arm-none-eabi/10.3.1/../../../../arm-none-eabi/lib/thumb/v7e-m+fp/hard/libc_nano.a(lib_a-lock.o)
__lock___at_quick_exit_mutex                      /opt/gcc-arm-none-eabi-10.3-2021.10/bin/../lib/gcc/arm-none-eabi/10.3.1/../../../../arm-none-eabi/lib/thumb/v7e-m+fp/hard/libc_nano.a(lib_a-lock.o)
__lock___atexit_recursive_mutex                   /opt/gcc-arm-none-eabi-10.3-2021.10/bin/../lib/gcc/arm-none-eabi/10.3.1/../../../../arm-none-eabi/lib/thumb/v7e-m+fp/hard/libc_nano.a(lib_a-lock.o)
__lock___dd_hash_mutex                            /opt/gcc-arm-none-eabi-10.3-2021.10/bin/../lib/gcc/arm-none-eabi/10.3.1/../../../../arm-none-eabi/lib/thumb/v7e-m+fp/hard/libc_nano.a(lib_a-lock.o)
__lock___env_recursive_mutex                      /opt/gcc-arm-none-eabi-10.3-2021.10/bin/../lib/gcc/arm-none-eabi/10.3.1/../../../../arm-none-eabi/lib/thumb/v7e-m+fp/hard/libc_nano.a(lib_a-lock.o)
__lock___malloc_recursive_mutex                   /opt/gcc-arm-none-eabi-10.3-2021.10/bin/../lib/gcc/arm-none-eabi/10.3.1/../../../../arm-none-eabi/lib/thumb/v7e-m+fp/hard/libc_nano.a(lib_a-lock.o)
                                                  /opt/gcc-arm-none-eabi-10.3-2021.10/bin/../lib/gcc/arm-none-eabi/10.3.1/../../../../arm-none-eabi/lib/thumb/v7e-m+fp/hard/libc_nano.a(lib_a-mlock.o)
__lock___sfp_recursive_mutex                      /opt/gcc-arm-none-eabi-10.3-2021.10/bin/../lib/gcc/arm-none-eabi/10.3.1/../../../../arm-none-eabi/lib/thumb/v7e-m+fp/hard/libc_nano.a(lib_a-lock.o)
__lock___sinit_recursive_mutex                    /opt/gcc-arm-none-eabi-10.3-2021.10/bin/../lib/gcc/arm-none-eabi/10.3.1/../../../../arm-none-eabi/lib/thumb/v7e-m+fp/hard/libc_nano.a(lib_a-lock.o)
__lock___tz_mutex                                 /opt/gcc-arm-none-eabi-10.3-2021.10/bin/../lib/gcc/arm-none-eabi/10.3.1/../../../../arm-none-eabi/lib/thumb/v7e-m+fp/hard/libc_nano.a(lib_a-lock.o)
__malloc_free_list                                /opt/gcc-arm-none-eabi-10.3-2021.10/bin/../lib/gcc/arm-none-eabi/10.3.1/../../../../arm-none-eabi/lib/thumb/v7e-m+fp/hard/libc_nano.a(lib_a-nano-mallocr.o)
                                                  /opt/gcc-arm-none-eabi-10.3-2021.10/bin/../lib/gcc/arm-none-eabi/10.3.1/../../../../arm-none-eabi/lib/thumb/v7e-m+fp/hard/libc_nano.a(lib_a-nano-freer.o)
__malloc_lock                                     /opt/gcc-arm-none-eabi-10.3-2021.10/bin/../lib/gcc/arm-none-eabi/10.3.1/../../../../arm-none-eabi/lib/thumb/v7e-m+fp/hard/libc_nano.a(lib_a-mlock.o)
                                                  /opt/gcc-arm-none-eabi-10.3-2021.10/bin/../lib/gcc/arm-none-eabi/10.3.1/../../../../arm-none-eabi/lib/thumb/v7e-m+fp/hard/libc_nano.a(lib_a-nano-mallocr.o)
                                                  /opt/gcc-arm-none-eabi-10.3-2021.10/bin/../lib/gcc/arm-none-eabi/10.3.1/../../../../arm-none-eabi/lib/thumb/v7e-m+fp/hard/libc_nano.a(lib_a-nano-freer.o)
__malloc_sbrk_start                               /opt/gcc-arm-none-eabi-10.3-2021.10/bin/../lib/gcc/arm-none-eabi/10.3.1/../../../../arm-none-eabi/lib/thumb/v7e-m+fp/hard/libc_nano.a(lib_a-nano-mallocr.o)
__malloc_unlock                                   /opt/gcc-arm-none-eabi-10.3-2021.10/bin/../lib/gcc/arm-none-eabi/10.3.1/../../../../arm-none-eabi/lib/thumb/v7e-m+fp/hard/libc_nano.a(lib_a-mlock.o)
                                                  /opt/gcc-arm-none-eabi-10.3-2021.10/bin/../lib/gcc/arm-none-eabi/10.3.1/../../../../arm-none-eabi/lib/thumb/v7e-m+fp/hard/libc_nano.a(lib_a-nano-mallocr.o)
                                                  /opt/gcc-arm-none-eabi-10.3-2021.10/bin/../lib/gcc/arm-none-eabi/10.3.1/../../../../arm-none-eabi/lib/thumb/v7e-m+fp/hard/libc_nano.a(lib_a-nano-freer.o)
__preinit_array_end                               /opt/gcc-arm-none-eabi-10.3-2021.10/bin/../lib/gcc/arm-none-eabi/10.3.1/../../../../arm-none-eabi/lib/thumb/v7e-m+fp/hard/libc_nano.a(lib_a-init.o)
__preinit_array_start                             /opt/gcc-arm-none-eabi-10.3-2021.10/bin/../lib/gcc/arm-none-eabi/10.3.1/../../../../arm-none-eabi/lib/thumb/v7e-m+fp/hard/libc_nano.a(lib_a-init.o)
__register_frame_info                             /opt/gcc-arm-none-eabi-10.3-2021.10/bin/../lib/gcc/arm-none-eabi/10.3.1/thumb/v7e-m+fp/hard/crtbegin.o
__retarget_lock_acquire                           /opt/gcc-arm-none-eabi-10.3-2021.10/bin/../lib/gcc/arm-none-eabi/10.3.1/../../../../arm-none-eabi/lib/thumb/v7e-m+fp/hard/libc_nano.a(lib_a-lock.o)
__retarget_lock_acquire_recursive                 /opt/gcc-arm-none-eabi-10.3-2021.10/bin/../lib/gcc/arm-none-eabi/10.3.1/../../../../arm-none-eabi/lib/thumb/v7e-m+fp/hard/libc_nano.a(lib_a-lock.o)
                                                  /opt/gcc-arm-none-eabi-10.3-2021.10/bin/../lib/gcc/arm-none-eabi/10.3.1/../../../../arm-none-eabi/lib/thumb/v7e-m+fp/hard/libc_nano.a(lib_a-mlock.o)
__retarget_lock_close                             /opt/gcc-arm-none-eabi-10.3-2021.10/bin/../lib/gcc/arm-none-eabi/10.3.1/../../../../arm-none-eabi/lib/thumb/v7e-m+fp/hard/libc_nano.a(lib_a-lock.o)
__retarget_lock_close_recursive                   /opt/gcc-arm-none-eabi-10.3-2021.10/bin/../lib/gcc/arm-none-eabi/10.3.1/../../../../arm-none-eabi/lib/thumb/v7e-m+fp/hard/libc_nano.a(lib_a-lock.o)
__retarget_lock_init                              /opt/gcc-arm-none-eabi-10.3-2021.10/bin/../lib/gcc/arm-none-eabi/10.3.1/../../../../arm-none-eabi/lib/thumb/v7e-m+fp/hard/libc_nano.a(lib_a-lock.o)
__retarget_lock_init_recursive                    /opt/gcc-arm-none-eabi-10.3-2021.10/bin/../lib/gcc/arm-none-eabi/10.3.1/../../../../arm-none-eabi/lib/thumb/v7e-m+fp/hard/libc_nano.a(lib_a-lock.o)
__retarget_lock_release                           /opt/gcc-arm-none-eabi-10.3-2021.10/bin/../lib/gcc/arm-none-eabi/10.3.1/../../../../arm-none-eabi/lib/thumb/v7e-m+fp/hard/libc_nano.a(lib_a-lock.o)
__retarget_lock_release_recursive                 /opt/gcc-arm-none-eabi-10.3-2021.10/bin/../lib/gcc/arm-none-eabi/10.3.1/../../../../arm-none-eabi/lib/thumb/v7e-m+fp/hard/libc_nano.a(lib_a-lock.o)
                                                  /opt/gcc-arm-none-eabi-10.3-2021.10/bin/../lib/gcc/arm-none-eabi/10.3.1/../../../../arm-none-eabi/lib/thumb/v7e-m+fp/hard/libc_nano.a(lib_a-mlock.o)
__retarget_lock_try_acquire                       /opt/gcc-arm-none-eabi-10.3-2021.10/bin/../lib/gcc/arm-none-eabi/10.3.1/../../../../arm-none-eabi/lib/thumb/v7e-m+fp/hard/libc_nano.a(lib_a-lock.o)
__retarget_lock_try_acquire_recursive             /opt/gcc-arm-none-eabi-10.3-2021.10/bin/../lib/gcc/arm-none-eabi/10.3.1/../../../../arm-none-eabi/lib/thumb/v7e-m+fp/hard/libc_nano.a(lib_a-lock.o)